Archive member included to satisfy reference by file (symbol)

/usr/lib/gcc/arm-none-eabi/14.2.1/thumb/v6-m/nofp/libgcc.a(_dvmd_tls.o)
                              CMakeFiles/mouse-jiggler.dir/usr/src/pico-sdk/src/rp2_common/pico_divider/divider_hardware.S.o (__aeabi_idiv0)
/usr/lib/gcc/arm-none-eabi/14.2.1/../../../arm-none-eabi/lib/thumb/v6-m/nofp/libg.a(libc_a-rand.o)
                              CMakeFiles/mouse-jiggler.dir/main.c.o (rand)
/usr/lib/gcc/arm-none-eabi/14.2.1/../../../arm-none-eabi/lib/thumb/v6-m/nofp/libg.a(libc_a-strlen-stub.o)
                              CMakeFiles/mouse-jiggler.dir/usb_descriptors.c.o (strlen)
/usr/lib/gcc/arm-none-eabi/14.2.1/../../../arm-none-eabi/lib/thumb/v6-m/nofp/libg.a(libc_a-impure.o)
                              /usr/lib/gcc/arm-none-eabi/14.2.1/../../../arm-none-eabi/lib/thumb/v6-m/nofp/libg.a(libc_a-rand.o) (_impure_ptr)
/usr/lib/gcc/arm-none-eabi/14.2.1/../../../arm-none-eabi/lib/thumb/v6-m/nofp/libg.a(libc_a-fini.o)
                              /usr/lib/gcc/arm-none-eabi/14.2.1/../../../arm-none-eabi/lib/thumb/v6-m/nofp/crt0.o (__libc_fini_array)
/usr/lib/gcc/arm-none-eabi/14.2.1/../../../arm-none-eabi/lib/thumb/v6-m/nofp/libg.a(libc_a-findfp.o)
                              /usr/lib/gcc/arm-none-eabi/14.2.1/../../../arm-none-eabi/lib/thumb/v6-m/nofp/libg.a(libc_a-impure.o) (__sf)
/usr/lib/gcc/arm-none-eabi/14.2.1/../../../arm-none-eabi/lib/thumb/v6-m/nofp/libg.a(libc_a-calloc.o)
                              CMakeFiles/mouse-jiggler.dir/usr/src/pico-sdk/src/rp2_common/pico_malloc/malloc.c.o (calloc)
/usr/lib/gcc/arm-none-eabi/14.2.1/../../../arm-none-eabi/lib/thumb/v6-m/nofp/libg.a(libc_a-fclose.o)
                              /usr/lib/gcc/arm-none-eabi/14.2.1/../../../arm-none-eabi/lib/thumb/v6-m/nofp/libg.a(libc_a-findfp.o) (_fclose_r)
/usr/lib/gcc/arm-none-eabi/14.2.1/../../../arm-none-eabi/lib/thumb/v6-m/nofp/libg.a(libc_a-callocr.o)
                              /usr/lib/gcc/arm-none-eabi/14.2.1/../../../arm-none-eabi/lib/thumb/v6-m/nofp/libg.a(libc_a-calloc.o) (_calloc_r)
/usr/lib/gcc/arm-none-eabi/14.2.1/../../../arm-none-eabi/lib/thumb/v6-m/nofp/libg.a(libc_a-realloc.o)
                              CMakeFiles/mouse-jiggler.dir/usr/src/pico-sdk/src/rp2_common/pico_malloc/malloc.c.o (realloc)
/usr/lib/gcc/arm-none-eabi/14.2.1/../../../arm-none-eabi/lib/thumb/v6-m/nofp/libg.a(libc_a-mallocr.o)
                              /usr/lib/gcc/arm-none-eabi/14.2.1/../../../arm-none-eabi/lib/thumb/v6-m/nofp/libg.a(libc_a-findfp.o) (_malloc_r)
/usr/lib/gcc/arm-none-eabi/14.2.1/../../../arm-none-eabi/lib/thumb/v6-m/nofp/libg.a(libc_a-freer.o)
                              /usr/lib/gcc/arm-none-eabi/14.2.1/../../../arm-none-eabi/lib/thumb/v6-m/nofp/libg.a(libc_a-fclose.o) (_free_r)
/usr/lib/gcc/arm-none-eabi/14.2.1/../../../arm-none-eabi/lib/thumb/v6-m/nofp/libg.a(libc_a-memcmp.o)
                              CMakeFiles/mouse-jiggler.dir/usr/src/pico-sdk/src/rp2_common/pico_atomic/atomic.c.o (memcmp)
/usr/lib/gcc/arm-none-eabi/14.2.1/../../../arm-none-eabi/lib/thumb/v6-m/nofp/libg.a(libc_a-errno.o)
                              /usr/lib/gcc/arm-none-eabi/14.2.1/../../../arm-none-eabi/lib/thumb/v6-m/nofp/libg.a(libc_a-callocr.o) (__errno)
/usr/lib/gcc/arm-none-eabi/14.2.1/../../../arm-none-eabi/lib/thumb/v6-m/nofp/libg.a(libc_a-malloc.o)
                              CMakeFiles/mouse-jiggler.dir/usr/src/pico-sdk/src/rp2_common/pico_malloc/malloc.c.o (malloc)
/usr/lib/gcc/arm-none-eabi/14.2.1/../../../arm-none-eabi/lib/thumb/v6-m/nofp/libg.a(libc_a-reallocr.o)
                              /usr/lib/gcc/arm-none-eabi/14.2.1/../../../arm-none-eabi/lib/thumb/v6-m/nofp/libg.a(libc_a-realloc.o) (_realloc_r)
/usr/lib/gcc/arm-none-eabi/14.2.1/../../../arm-none-eabi/lib/thumb/v6-m/nofp/libg.a(libc_a-mktime.o)
                              CMakeFiles/mouse-jiggler.dir/usr/src/pico-sdk/src/common/pico_util/datetime.c.o (mktime)
/usr/lib/gcc/arm-none-eabi/14.2.1/../../../arm-none-eabi/lib/thumb/v6-m/nofp/libg.a(libc_a-mlock.o)
                              /usr/lib/gcc/arm-none-eabi/14.2.1/../../../arm-none-eabi/lib/thumb/v6-m/nofp/libg.a(libc_a-mallocr.o) (__malloc_lock)
/usr/lib/gcc/arm-none-eabi/14.2.1/../../../arm-none-eabi/lib/thumb/v6-m/nofp/libg.a(libc_a-tzlock.o)
                              /usr/lib/gcc/arm-none-eabi/14.2.1/../../../arm-none-eabi/lib/thumb/v6-m/nofp/libg.a(libc_a-mktime.o) (__tz_lock)
/usr/lib/gcc/arm-none-eabi/14.2.1/../../../arm-none-eabi/lib/thumb/v6-m/nofp/libg.a(libc_a-sbrkr.o)
                              /usr/lib/gcc/arm-none-eabi/14.2.1/../../../arm-none-eabi/lib/thumb/v6-m/nofp/libg.a(libc_a-mallocr.o) (_sbrk_r)
/usr/lib/gcc/arm-none-eabi/14.2.1/../../../arm-none-eabi/lib/thumb/v6-m/nofp/libg.a(libc_a-atexit.o)
                              /usr/lib/gcc/arm-none-eabi/14.2.1/../../../arm-none-eabi/lib/thumb/v6-m/nofp/crt0.o (atexit)
[...]
Memory Configuration

Name             Origin             Length             Attributes
FLASH            0x10000000         0x00200000         xr
RAM              0x20000000         0x00040000         xrw
SCRATCH_X        0x20040000         0x00001000         xrw
SCRATCH_Y        0x20041000         0x00001000         xrw
*default*        0x00000000         0xffffffff

Linker script and memory map

LOAD /usr/lib/gcc/arm-none-eabi/14.2.1/thumb/v6-m/nofp/crti.o
LOAD /usr/lib/gcc/arm-none-eabi/14.2.1/thumb/v6-m/nofp/crtbegin.o
LOAD /usr/lib/gcc/arm-none-eabi/14.2.1/../../../arm-none-eabi/lib/thumb/v6-m/nofp/crt0.o

.flash_begin    0x10000000        0x0
                0x10000000                        __flash_binary_start = .

.boot2          0x10000000      0x100
                0x10000000                        __boot2_start__ = .
 *(.boot2)
 .boot2         0x10000000      0x100 pico-sdk/src/rp2040/boot_stage2/CMakeFiles/bs2_default_library.dir/bs2_default_padded_checksummed.S.o
                0x10000100                        __boot2_end__ = .
                0x00000001                        ASSERT (((__boot2_end__ - __boot2_start__) == 0x100), ERROR: Pico second stage bootloader must be 256 bytes in size)

.text           0x10000100     0x3978
                0x10000100                        __logical_binary_start = .
 *(.vectors)
 .vectors       0x10000100       0xd4 CMakeFiles/mouse-jiggler.dir/usr/src/pico-sdk/src/rp2_common/pico_crt0/crt0.S.o
                0x10000100                __vectors
                0x10000100                __VECTOR_TABLE
                0x100001c0                isr_invalid
                0x100001c0                __default_isrs_start
                0x100001c2                isr_nmi
                0x100001c4                isr_hardfault
                0x100001c6                isr_svcall
                0x100001c8                isr_pendsv
                0x100001ca                isr_systick
                0x100001cc                isr_irq30
                0x100001cc                __unhandled_user_irq
                0x100001cc                isr_irq13
                0x100001cc                isr_irq27
                0x100001cc                isr_irq31
                0x100001cc                isr_irq5
                0x100001cc                isr_irq11
                0x100001cc                isr_irq23
                0x100001cc                isr_irq18
                0x100001cc                isr_irq28
                0x100001cc                isr_irq19
                0x100001cc                isr_irq0
                0x100001cc                isr_irq6
                0x100001cc                isr_irq22
                0x100001cc                isr_irq17
                0x100001cc                isr_irq14
                0x100001cc                isr_irq2
                0x100001cc                isr_irq10
                0x100001cc                isr_irq8
                0x100001cc                isr_irq24
                0x100001cc                isr_irq1
                0x100001cc                isr_irq7
                0x100001cc                isr_irq21
                0x100001cc                isr_irq20
                0x100001cc                isr_irq15
                0x100001cc                isr_irq25
                0x100001cc                isr_irq4
                0x100001cc                isr_irq16
                0x100001cc                isr_irq29
                0x100001cc                isr_irq26
                0x100001cc                __default_isrs_end
                0x100001cc                isr_irq3
                0x100001cc                isr_irq12
                0x100001cc                isr_irq9
                0x100001d2                unhandled_user_irq_num_in_r0
 *(.binary_info_header)
 .binary_info_header
                0x100001d4       0x14 CMakeFiles/mouse-jiggler.dir/usr/src/pico-sdk/src/rp2_common/pico_crt0/crt0.S.o
                0x100001e8                        __binary_info_header_end = .
 *(.embedded_block)
                0x100001e8                        __embedded_block_end = .
 *(.reset)
 .reset         0x100001e8       0x9c CMakeFiles/mouse-jiggler.dir/usr/src/pico-sdk/src/rp2_common/pico_crt0/crt0.S.o
                0x100001e8                _entry_point
 *(.init)
 .init          0x10000284        0x4 /usr/lib/gcc/arm-none-eabi/14.2.1/thumb/v6-m/nofp/crti.o
                0x10000284                _init
 *(EXCLUDE_FILE(*libm.a: *libc.a:*lib_a-mem*.o *libgcc.a:) .text*)
 .text          0x10000288       0x98 /usr/lib/gcc/arm-none-eabi/14.2.1/thumb/v6-m/nofp/crtbegin.o
 .text.startup.main
                0x10000320       0x84 CMakeFiles/mouse-jiggler.dir/main.c.o
                0x10000320                main
 .text.tud_mount_cb
                0x100003a4        0xc CMakeFiles/mouse-jiggler.dir/main.c.o
                0x100003a4                tud_mount_cb
 .text.tud_resume_cb
                0x100003b0        0xc CMakeFiles/mouse-jiggler.dir/main.c.o
                0x100003b0                tud_resume_cb
 .text.tud_umount_cb
                0x100003bc        0xc CMakeFiles/mouse-jiggler.dir/main.c.o
                0x100003bc                tud_umount_cb
 .text.tud_suspend_cb
                0x100003c8        0xc CMakeFiles/mouse-jiggler.dir/main.c.o
                0x100003c8                tud_suspend_cb
 .text.tud_hid_report_complete_cb
                0x100003d4       0x6c CMakeFiles/mouse-jiggler.dir/main.c.o
                0x100003d4                tud_hid_report_complete_cb
 .text.tud_hid_get_report_cb
                0x10000440        0x4 CMakeFiles/mouse-jiggler.dir/main.c.o
                0x10000440                tud_hid_get_report_cb
 .text.tud_hid_set_report_cb
                0x10000444        0x4 CMakeFiles/mouse-jiggler.dir/main.c.o
                0x10000444                tud_hid_set_report_cb
 .text.tud_descriptor_device_cb
                0x10000448        0x8 CMakeFiles/mouse-jiggler.dir/usb_descriptors.c.o
                0x10000448                tud_descriptor_device_cb
 .text.tud_hid_descriptor_report_cb
                0x10000450        0x8 CMakeFiles/mouse-jiggler.dir/usb_descriptors.c.o
                0x10000450                tud_hid_descriptor_report_cb
 .text.tud_descriptor_configuration_cb
                0x10000458        0x8 CMakeFiles/mouse-jiggler.dir/usb_descriptors.c.o
                0x10000458                tud_descriptor_configuration_cb
 .text.tud_descriptor_string_cb
                0x10000460       0x74 CMakeFiles/mouse-jiggler.dir/usb_descriptors.c.o
                0x10000460                tud_descriptor_string_cb
 .text.gpio_set_function
                0x100004d4       0x34 CMakeFiles/mouse-jiggler.dir/usr/src/pico-sdk/src/rp2_common/hardware_gpio/gpio.c.o
                0x100004d4                gpio_set_function
 .text.gpio_init
                0x10000508       0x40 CMakeFiles/mouse-jiggler.dir/usr/src/pico-sdk/src/rp2_common/hardware_gpio/gpio.c.o
                0x10000508                gpio_init
 .text.rp2040_chip_version
                0x10000548        0xc CMakeFiles/mouse-jiggler.dir/usr/src/pico-sdk/src/rp2040/pico_platform/platform.c.o
                0x10000548                rp2040_chip_version
 .text.panic    0x10000554       0x30 CMakeFiles/mouse-jiggler.dir/usr/src/pico-sdk/src/rp2_common/pico_platform_panic/panic.c.o
                0x10000554                panic
 .text.hw_claim_or_assert
                0x10000584       0x44 CMakeFiles/mouse-jiggler.dir/usr/src/pico-sdk/src/common/hardware_claim/claim.c.o
                0x10000584                hw_claim_or_assert
 .text.hw_claim_unused_from_range
                0x100005c8       0x88 CMakeFiles/mouse-jiggler.dir/usr/src/pico-sdk/src/common/hardware_claim/claim.c.o
                0x100005c8                hw_claim_unused_from_range
 .text.next_striped_spin_lock_num
                0x10000650       0x18 CMakeFiles/mouse-jiggler.dir/usr/src/pico-sdk/src/rp2_common/hardware_sync/sync.c.o
                0x10000650                next_striped_spin_lock_num
 .text.spin_lock_claim_unused
                0x10000668       0x24 CMakeFiles/mouse-jiggler.dir/usr/src/pico-sdk/src/rp2_common/hardware_sync/sync.c.o
                0x10000668                spin_lock_claim_unused
 .text.spin_locks_reset
                0x1000068c       0x1c CMakeFiles/mouse-jiggler.dir/usr/src/pico-sdk/src/rp2_common/hardware_sync_spin_lock/sync_spin_lock.c.o
                0x1000068c                spin_locks_reset
 .text.runtime_init_per_core_irq_priorities
                0x100006a8       0x24 CMakeFiles/mouse-jiggler.dir/usr/src/pico-sdk/src/rp2_common/hardware_irq/irq.c.o
                0x100006a8                runtime_init_per_core_irq_priorities
 .text.irq_set_enabled
                0x100006cc       0x24 CMakeFiles/mouse-jiggler.dir/usr/src/pico-sdk/src/rp2_common/hardware_irq/irq.c.o
                0x100006cc                irq_set_enabled
 .text.irq_set_exclusive_handler
                0x100006f0       0x54 CMakeFiles/mouse-jiggler.dir/usr/src/pico-sdk/src/rp2_common/hardware_irq/irq.c.o
                0x100006f0                irq_set_exclusive_handler
 .text.irq_add_shared_handler
                0x10000744      0x1f4 CMakeFiles/mouse-jiggler.dir/usr/src/pico-sdk/src/rp2_common/hardware_irq/irq.c.o
                0x10000744                irq_add_shared_handler
 .text.irq_remove_handler
                0x10000938      0x1d4 CMakeFiles/mouse-jiggler.dir/usr/src/pico-sdk/src/rp2_common/hardware_irq/irq.c.o
                0x10000938                irq_remove_handler
 .text.irq_add_tail_to_free_list
                0x10000b0c       0xb4 CMakeFiles/mouse-jiggler.dir/usr/src/pico-sdk/src/rp2_common/hardware_irq/irq.c.o
                0x10000b0c                irq_add_tail_to_free_list
 .text.lock_init
                0x10000bc0       0x10 CMakeFiles/mouse-jiggler.dir/usr/src/pico-sdk/src/common/pico_sync/lock_core.c.o
                0x10000bc0                lock_init
 .text.runtime_init_mutex
                0x10000bd0       0x50 CMakeFiles/mouse-jiggler.dir/usr/src/pico-sdk/src/common/pico_sync/mutex.c.o
                0x10000bd0                runtime_init_mutex
 .text.mutex_init
                0x10000c20       0x1c CMakeFiles/mouse-jiggler.dir/usr/src/pico-sdk/src/common/pico_sync/mutex.c.o
                0x10000c20                mutex_init
 .text.critical_section_init
                0x10000c3c       0x1c CMakeFiles/mouse-jiggler.dir/usr/src/pico-sdk/src/common/pico_sync/critical_section.c.o
                0x10000c3c                critical_section_init
 .text.sleep_until_callback
                0x10000c58       0x30 CMakeFiles/mouse-jiggler.dir/usr/src/pico-sdk/src/common/pico_time/time.c.o
 .text.alarm_pool_irq_handler
                0x10000c88      0x300 CMakeFiles/mouse-jiggler.dir/usr/src/pico-sdk/src/common/pico_time/time.c.o
 .text.runtime_init_default_alarm_pool
                0x10000f88       0xdc CMakeFiles/mouse-jiggler.dir/usr/src/pico-sdk/src/common/pico_time/time.c.o
                0x10000f88                runtime_init_default_alarm_pool
 .text.alarm_pool_add_alarm_at_force_in_context
                0x10001064       0xb0 CMakeFiles/mouse-jiggler.dir/usr/src/pico-sdk/src/common/pico_time/time.c.o
                0x10001064                alarm_pool_add_alarm_at_force_in_context
 .text.alarm_pool_cancel_alarm
                0x10001114       0x74 CMakeFiles/mouse-jiggler.dir/usr/src/pico-sdk/src/common/pico_time/time.c.o
                0x10001114                alarm_pool_cancel_alarm
 .text.sleep_ms
                0x10001188       0xfc CMakeFiles/mouse-jiggler.dir/usr/src/pico-sdk/src/common/pico_time/time.c.o
                0x10001188                sleep_ms
 .text.best_effort_wfe_or_timeout
                0x10001284      0x10c CMakeFiles/mouse-jiggler.dir/usr/src/pico-sdk/src/common/pico_time/time.c.o
                0x10001284                best_effort_wfe_or_timeout
 .text.timer_hardware_alarm_claim
                0x10001390       0x14 CMakeFiles/mouse-jiggler.dir/usr/src/pico-sdk/src/rp2_common/hardware_timer/timer.c.o
                0x10001390                timer_hardware_alarm_claim
 .text.timer_time_us_64
                0x100013a4       0x10 CMakeFiles/mouse-jiggler.dir/usr/src/pico-sdk/src/rp2_common/hardware_timer/timer.c.o
                0x100013a4                timer_time_us_64
 .text.time_us_64
                0x100013b4       0x14 CMakeFiles/mouse-jiggler.dir/usr/src/pico-sdk/src/rp2_common/hardware_timer/timer.c.o
                0x100013b4                time_us_64
 .text.busy_wait_us
                0x100013c8       0x68 CMakeFiles/mouse-jiggler.dir/usr/src/pico-sdk/src/rp2_common/hardware_timer/timer.c.o
                0x100013c8                busy_wait_us
 .text.busy_wait_until
                0x10001430       0x20 CMakeFiles/mouse-jiggler.dir/usr/src/pico-sdk/src/rp2_common/hardware_timer/timer.c.o
                0x10001430                busy_wait_until
 .text.uart_init
                0x10001450      0x120 CMakeFiles/mouse-jiggler.dir/usr/src/pico-sdk/src/rp2_common/hardware_uart/uart.c.o
                0x10001450                uart_init
 .text.clock_configure_int_divider
                0x10001570       0xf4 CMakeFiles/mouse-jiggler.dir/usr/src/pico-sdk/src/rp2_common/hardware_clocks/clocks.c.o
                0x10001570                clock_configure_int_divider
 .text.clock_configure_undivided
                0x10001664       0xe8 CMakeFiles/mouse-jiggler.dir/usr/src/pico-sdk/src/rp2_common/hardware_clocks/clocks.c.o
                0x10001664                clock_configure_undivided
 .text.clock_get_hz
                0x1000174c        0xc CMakeFiles/mouse-jiggler.dir/usr/src/pico-sdk/src/rp2_common/hardware_clocks/clocks.c.o
                0x1000174c                clock_get_hz
 .text.pll_init
                0x10001758       0xa4 CMakeFiles/mouse-jiggler.dir/usr/src/pico-sdk/src/rp2_common/hardware_pll/pll.c.o
                0x10001758                pll_init
 .text.tick_start
                0x100017fc       0x10 CMakeFiles/mouse-jiggler.dir/usr/src/pico-sdk/src/rp2_common/hardware_ticks/ticks.c.o
                0x100017fc                tick_start
 .text.rom_func_lookup
                0x1000180c       0x10 CMakeFiles/mouse-jiggler.dir/usr/src/pico-sdk/src/rp2_common/pico_bootrom/bootrom.c.o
                0x1000180c                rom_func_lookup
 .text.rom_data_lookup
                0x1000181c       0x10 CMakeFiles/mouse-jiggler.dir/usr/src/pico-sdk/src/rp2_common/pico_bootrom/bootrom.c.o
                0x1000181c                rom_data_lookup
 .text.rom_funcs_lookup
                0x1000182c       0x44 CMakeFiles/mouse-jiggler.dir/usr/src/pico-sdk/src/rp2_common/pico_bootrom/bootrom.c.o
                0x1000182c                rom_funcs_lookup
 .text.xosc_init
                0x10001870       0x28 CMakeFiles/mouse-jiggler.dir/usr/src/pico-sdk/src/rp2_common/hardware_xosc/xosc.c.o
                0x10001870                xosc_init
 .text.first_per_core_initializer
                0x10001898        0x4 CMakeFiles/mouse-jiggler.dir/usr/src/pico-sdk/src/rp2_common/pico_runtime/runtime.c.o
 .text.hard_assertion_failure
                0x1000189c        0xc CMakeFiles/mouse-jiggler.dir/usr/src/pico-sdk/src/rp2_common/pico_runtime/runtime.c.o
                0x1000189c                hard_assertion_failure
 .text.runtime_run_initializers
                0x100018a8       0x28 CMakeFiles/mouse-jiggler.dir/usr/src/pico-sdk/src/rp2_common/pico_runtime/runtime.c.o
                0x100018a8                runtime_run_initializers
 .text.runtime_init_early_resets
                0x100018d0       0x2c CMakeFiles/mouse-jiggler.dir/usr/src/pico-sdk/src/rp2_common/pico_runtime_init/runtime_init.c.o
                0x100018d0                runtime_init_early_resets
 .text.runtime_init_usb_power_down
                0x100018fc       0x1c CMakeFiles/mouse-jiggler.dir/usr/src/pico-sdk/src/rp2_common/pico_runtime_init/runtime_init.c.o
                0x100018fc                runtime_init_usb_power_down
 .text.runtime_init_post_clock_resets
                0x10001918       0x20 CMakeFiles/mouse-jiggler.dir/usr/src/pico-sdk/src/rp2_common/pico_runtime_init/runtime_init.c.o
                0x10001918                runtime_init_post_clock_resets
 .text.runtime_init_rp2040_gpio_ie_disable
                0x10001938       0x14 CMakeFiles/mouse-jiggler.dir/usr/src/pico-sdk/src/rp2_common/pico_runtime_init/runtime_init.c.o
                0x10001938                runtime_init_rp2040_gpio_ie_disable
 .text.runtime_init_spin_locks_reset
                0x1000194c        0x8 CMakeFiles/mouse-jiggler.dir/usr/src/pico-sdk/src/rp2_common/pico_runtime_init/runtime_init.c.o
                0x1000194c                runtime_init_spin_locks_reset
 .text.runtime_init_install_ram_vector_table
                0x10001954       0x1c CMakeFiles/mouse-jiggler.dir/usr/src/pico-sdk/src/rp2_common/pico_runtime_init/runtime_init.c.o
                0x10001954                runtime_init_install_ram_vector_table
 .text.runtime_init_clocks
                0x10001970       0xd8 CMakeFiles/mouse-jiggler.dir/usr/src/pico-sdk/src/rp2_common/pico_runtime_init/runtime_init_clocks.c.o
                0x10001970                runtime_init_clocks
 .text          0x10001a48       0x10 CMakeFiles/mouse-jiggler.dir/usr/src/pico-sdk/src/rp2_common/pico_bit_ops/bit_ops_aeabi.S.o
 .text.__wrap___aeabi_idiv
                0x10001a58       0x50 CMakeFiles/mouse-jiggler.dir/usr/src/pico-sdk/src/rp2_common/pico_divider/divider_hardware.S.o
                0x10001a58                __wrap___aeabi_idivmod
                0x10001a58                divmod_s32s32
                0x10001a58                div_s32s32
                0x10001a58                __wrap___aeabi_idiv
                0x10001a60                divmod_s32s32_unsafe
                0x10001a8c                divmod_s32s32_savestate
 .text.__wrap___aeabi_uidiv
                0x10001aa8       0x4c CMakeFiles/mouse-jiggler.dir/usr/src/pico-sdk/src/rp2_common/pico_divider/divider_hardware.S.o
                0x10001aa8                __wrap___aeabi_uidiv
                0x10001aa8                __wrap___aeabi_uidivmod
                0x10001aa8                div_u32u32
                0x10001aa8                divmod_u32u32
                0x10001ab0                divmod_u32u32_unsafe
                0x10001ad8                divmod_u32u32_savestate
 .text.__aeabi_double_init
                0x10001af4       0xa4 CMakeFiles/mouse-jiggler.dir/usr/src/pico-sdk/src/rp2_common/pico_double/double_init_rom_rp2040.c.o
                0x10001af4                __aeabi_double_init
 .text.double_table_shim_on_use_helper
                0x10001b98       0x2c CMakeFiles/mouse-jiggler.dir/usr/src/pico-sdk/src/rp2_common/pico_double/double_v1_rom_shim_rp2040.S.o
                0x10001b98                double_table_shim_on_use_helper
 .text.__aeabi_lmul
                0x10001bc4       0x32 CMakeFiles/mouse-jiggler.dir/usr/src/pico-sdk/src/rp2_common/pico_int64_ops/pico_int64_ops_aeabi.S.o
                0x10001bc4                __wrap___aeabi_lmul
 *fill*         0x10001bf6        0x2 
 .text.__aeabi_float_init
                0x10001bf8       0x64 CMakeFiles/mouse-jiggler.dir/usr/src/pico-sdk/src/rp2_common/pico_float/float_init_rom_rp2040.c.o
                0x10001bf8                __aeabi_float_init
 .text.float_table_shim_on_use_helper
                0x10001c5c       0x2c CMakeFiles/mouse-jiggler.dir/usr/src/pico-sdk/src/rp2_common/pico_float/float_v1_rom_shim_rp2040.S.o
                0x10001c5c                float_table_shim_on_use_helper
 .text          0x10001c88       0x10 CMakeFiles/mouse-jiggler.dir/usr/src/pico-sdk/src/rp2_common/pico_mem_ops/mem_ops_aeabi.S.o
                0x10001c88                __aeabi_mem_init
 .text.memset   0x10001c98        0xc CMakeFiles/mouse-jiggler.dir/usr/src/pico-sdk/src/rp2_common/pico_mem_ops/mem_ops_aeabi.S.o
                0x10001c98                __wrap_memset
 .text.memcpy   0x10001ca4        0xc CMakeFiles/mouse-jiggler.dir/usr/src/pico-sdk/src/rp2_common/pico_mem_ops/mem_ops_aeabi.S.o
                0x10001ca4                __wrap___aeabi_memcpy
                0x10001ca4                __wrap_memcpy
 .text._out_char
                0x10001cb0       0x10 CMakeFiles/mouse-jiggler.dir/usr/src/pico-sdk/src/rp2_common/pico_printf/printf.c.o
 .text.weak_raw_vprintf
                0x10001cc0       0x30 CMakeFiles/mouse-jiggler.dir/usr/src/pico-sdk/src/rp2_common/pico_printf/printf.c.o
                0x10001cc0                weak_raw_vprintf
 .text._exit    0x10001cf0        0x4 CMakeFiles/mouse-jiggler.dir/usr/src/pico-sdk/src/rp2_common/pico_clib_interface/newlib_interface.c.o
                0x10001cf0                _exit
 .text.exit     0x10001cf4        0x8 CMakeFiles/mouse-jiggler.dir/usr/src/pico-sdk/src/rp2_common/pico_clib_interface/newlib_interface.c.o
                0x10001cf4                exit
 .text.runtime_init
                0x10001cfc       0x2c CMakeFiles/mouse-jiggler.dir/usr/src/pico-sdk/src/rp2_common/pico_clib_interface/newlib_interface.c.o
                0x10001cfc                runtime_init
 .text.stdio_out_chars_no_crlf
                0x10001d28       0x10 CMakeFiles/mouse-jiggler.dir/usr/src/pico-sdk/src/rp2_common/pico_stdio/stdio.c.o
 .text.stdio_out_chars_crlf
                0x10001d38       0xb0 CMakeFiles/mouse-jiggler.dir/usr/src/pico-sdk/src/rp2_common/pico_stdio/stdio.c.o
 .text.stdio_put_string
                0x10001de8       0xfc CMakeFiles/mouse-jiggler.dir/usr/src/pico-sdk/src/rp2_common/pico_stdio/stdio.c.o
                0x10001de8                stdio_put_string
 .text.stdio_set_driver_enabled
                0x10001ee4       0x30 CMakeFiles/mouse-jiggler.dir/usr/src/pico-sdk/src/rp2_common/pico_stdio/stdio.c.o
                0x10001ee4                stdio_set_driver_enabled
 .text.__wrap_putchar
                0x10001f14       0x94 CMakeFiles/mouse-jiggler.dir/usr/src/pico-sdk/src/rp2_common/pico_stdio/stdio.c.o
                0x10001f14                stdio_putchar
                0x10001f14                __wrap_putchar
 .text.__wrap_puts
                0x10001fa8       0x3c CMakeFiles/mouse-jiggler.dir/usr/src/pico-sdk/src/rp2_common/pico_stdio/stdio.c.o
                0x10001fa8                __wrap_puts
                0x10001fa8                stdio_puts
 .text.stdio_uart_out_chars
                0x10001fe4       0x4c CMakeFiles/mouse-jiggler.dir/usr/src/pico-sdk/src/rp2_common/pico_stdio_uart/stdio_uart.c.o
 .text.stdio_uart_in_chars
                0x10002030       0x90 CMakeFiles/mouse-jiggler.dir/usr/src/pico-sdk/src/rp2_common/pico_stdio_uart/stdio_uart.c.o
                0x10002030                stdio_uart_in_chars
 .text.on_uart_rx
                0x100020c0       0x28 CMakeFiles/mouse-jiggler.dir/usr/src/pico-sdk/src/rp2_common/pico_stdio_uart/stdio_uart.c.o
 .text.stdio_uart_out_flush
                0x100020e8       0x14 CMakeFiles/mouse-jiggler.dir/usr/src/pico-sdk/src/rp2_common/pico_stdio_uart/stdio_uart.c.o
 .text.stdio_uart_set_chars_available_callback
                0x100020fc       0x84 CMakeFiles/mouse-jiggler.dir/usr/src/pico-sdk/src/rp2_common/pico_stdio_uart/stdio_uart.c.o
 .text.stdio_uart_init_full
                0x10002180       0x3c CMakeFiles/mouse-jiggler.dir/usr/src/pico-sdk/src/rp2_common/pico_stdio_uart/stdio_uart.c.o
                0x10002180                stdio_uart_init_full
 .text.dcd_init
                0x100021bc       0x90 CMakeFiles/mouse-jiggler.dir/usr/src/pico-sdk/lib/tinyusb/src/portable/raspberrypi/rp2040/dcd_rp2040.c.o
                0x100021bc                dcd_init
 .text.dcd_int_enable
                0x1000224c        0xc CMakeFiles/mouse-jiggler.dir/usr/src/pico-sdk/lib/tinyusb/src/portable/raspberrypi/rp2040/dcd_rp2040.c.o
                0x1000224c                dcd_int_enable
 .text.dcd_set_address
                0x10002258       0x14 CMakeFiles/mouse-jiggler.dir/usr/src/pico-sdk/lib/tinyusb/src/portable/raspberrypi/rp2040/dcd_rp2040.c.o
                0x10002258                dcd_set_address
 .text.dcd_remote_wakeup
                0x1000226c       0x18 CMakeFiles/mouse-jiggler.dir/usr/src/pico-sdk/lib/tinyusb/src/portable/raspberrypi/rp2040/dcd_rp2040.c.o
                0x1000226c                dcd_remote_wakeup
 .text.dcd_sof_enable
                0x10002284       0x1c CMakeFiles/mouse-jiggler.dir/usr/src/pico-sdk/lib/tinyusb/src/portable/raspberrypi/rp2040/dcd_rp2040.c.o
                0x10002284                dcd_sof_enable
 .text.dcd_edpt0_status_complete
                0x100022a0       0x1c CMakeFiles/mouse-jiggler.dir/usr/src/pico-sdk/lib/tinyusb/src/portable/raspberrypi/rp2040/dcd_rp2040.c.o
                0x100022a0                dcd_edpt0_status_complete
 .text.dcd_edpt_open
                0x100022bc      0x114 CMakeFiles/mouse-jiggler.dir/usr/src/pico-sdk/lib/tinyusb/src/portable/raspberrypi/rp2040/dcd_rp2040.c.o
                0x100022bc                dcd_edpt_open
 .text.dcd_edpt_close_all
                0x100023d0        0x8 CMakeFiles/mouse-jiggler.dir/usr/src/pico-sdk/lib/tinyusb/src/portable/raspberrypi/rp2040/dcd_rp2040.c.o
                0x100023d0                dcd_edpt_close_all
 .text.dcd_edpt_xfer
                0x100023d8       0x24 CMakeFiles/mouse-jiggler.dir/usr/src/pico-sdk/lib/tinyusb/src/portable/raspberrypi/rp2040/dcd_rp2040.c.o
                0x100023d8                dcd_edpt_xfer
 .text.dcd_edpt_stall
                0x100023fc       0x3c CMakeFiles/mouse-jiggler.dir/usr/src/pico-sdk/lib/tinyusb/src/portable/raspberrypi/rp2040/dcd_rp2040.c.o
                0x100023fc                dcd_edpt_stall
 .text.dcd_edpt_clear_stall
                0x10002438       0x30 CMakeFiles/mouse-jiggler.dir/usr/src/pico-sdk/lib/tinyusb/src/portable/raspberrypi/rp2040/dcd_rp2040.c.o
                0x10002438                dcd_edpt_clear_stall
 .text.rp2040_usb_init
                0x10002468       0x40 CMakeFiles/mouse-jiggler.dir/usr/src/pico-sdk/lib/tinyusb/src/portable/raspberrypi/rp2040/rp2040_usb.c.o
                0x10002468                rp2040_usb_init
 .text.hw_endpoint_xfer_start
                0x100024a8       0x40 CMakeFiles/mouse-jiggler.dir/usr/src/pico-sdk/lib/tinyusb/src/portable/raspberrypi/rp2040/rp2040_usb.c.o
                0x100024a8                hw_endpoint_xfer_start
 .text.tud_vendor_control_xfer_cb
                0x100024e8        0x4 CMakeFiles/mouse-jiggler.dir/usr/src/pico-sdk/lib/tinyusb/src/device/usbd.c.o
                0x100024e8                tud_vendor_control_xfer_cb
 .text.tud_event_hook_cb
                0x100024ec        0x4 CMakeFiles/mouse-jiggler.dir/usr/src/pico-sdk/lib/tinyusb/src/device/usbd.c.o
                0x100024ec                tud_event_hook_cb
 .text.tud_sof_cb
                0x100024f0        0x4 CMakeFiles/mouse-jiggler.dir/usr/src/pico-sdk/lib/tinyusb/src/device/usbd.c.o
                0x100024f0                tud_sof_cb
 .text.tud_descriptor_bos_cb
                0x100024f4        0x4 CMakeFiles/mouse-jiggler.dir/usr/src/pico-sdk/lib/tinyusb/src/device/usbd.c.o
                0x100024f4                tud_descriptor_bos_cb
 .text.tud_descriptor_device_qualifier_cb
                0x100024f8        0x4 CMakeFiles/mouse-jiggler.dir/usr/src/pico-sdk/lib/tinyusb/src/device/usbd.c.o
                0x100024f8                tud_descriptor_device_qualifier_cb
 .text.tud_descriptor_other_speed_configuration_cb
                0x100024fc        0x4 CMakeFiles/mouse-jiggler.dir/usr/src/pico-sdk/lib/tinyusb/src/device/usbd.c.o
                0x100024fc                tud_descriptor_other_speed_configuration_cb
 .text.tud_mounted
                0x10002500       0x10 CMakeFiles/mouse-jiggler.dir/usr/src/pico-sdk/lib/tinyusb/src/device/usbd.c.o
                0x10002500                tud_mounted
 .text.tud_suspended
                0x10002510       0x10 CMakeFiles/mouse-jiggler.dir/usr/src/pico-sdk/lib/tinyusb/src/device/usbd.c.o
                0x10002510                tud_suspended
 .text.tud_remote_wakeup
                0x10002520       0x30 CMakeFiles/mouse-jiggler.dir/usr/src/pico-sdk/lib/tinyusb/src/device/usbd.c.o
                0x10002520                tud_remote_wakeup
 .text.tud_rhport_init
                0x10002550       0xec CMakeFiles/mouse-jiggler.dir/usr/src/pico-sdk/lib/tinyusb/src/device/usbd.c.o
                0x10002550                tud_rhport_init
 .text.tud_task_ext
                0x1000263c      0x7c0 CMakeFiles/mouse-jiggler.dir/usr/src/pico-sdk/lib/tinyusb/src/device/usbd.c.o
                0x1000263c                tud_task_ext
 .text.usbd_open_edpt_pair
                0x10002dfc       0x9c CMakeFiles/mouse-jiggler.dir/usr/src/pico-sdk/lib/tinyusb/src/device/usbd.c.o
                0x10002dfc                usbd_open_edpt_pair
 .text.usbd_edpt_claim
                0x10002e98       0x28 CMakeFiles/mouse-jiggler.dir/usr/src/pico-sdk/lib/tinyusb/src/device/usbd.c.o
                0x10002e98                usbd_edpt_claim
 .text.usbd_edpt_xfer
                0x10002ec0       0x4c CMakeFiles/mouse-jiggler.dir/usr/src/pico-sdk/lib/tinyusb/src/device/usbd.c.o
                0x10002ec0                usbd_edpt_xfer
 .text.usbd_edpt_busy
                0x10002f0c       0x1c CMakeFiles/mouse-jiggler.dir/usr/src/pico-sdk/lib/tinyusb/src/device/usbd.c.o
                0x10002f0c                usbd_edpt_busy
 .text.tud_control_status
                0x10002f28       0x2c CMakeFiles/mouse-jiggler.dir/usr/src/pico-sdk/lib/tinyusb/src/device/usbd_control.c.o
                0x10002f28                tud_control_status
 .text.tud_control_xfer
                0x10002f54       0xa8 CMakeFiles/mouse-jiggler.dir/usr/src/pico-sdk/lib/tinyusb/src/device/usbd_control.c.o
                0x10002f54                tud_control_xfer
 .text.usbd_control_reset
                0x10002ffc       0x14 CMakeFiles/mouse-jiggler.dir/usr/src/pico-sdk/lib/tinyusb/src/device/usbd_control.c.o
                0x10002ffc                usbd_control_reset
 .text.usbd_control_set_complete_callback
                0x10003010        0xc CMakeFiles/mouse-jiggler.dir/usr/src/pico-sdk/lib/tinyusb/src/device/usbd_control.c.o
                0x10003010                usbd_control_set_complete_callback
 .text.usbd_control_set_request
                0x1000301c       0x1c CMakeFiles/mouse-jiggler.dir/usr/src/pico-sdk/lib/tinyusb/src/device/usbd_control.c.o
                0x1000301c                usbd_control_set_request
 .text.usbd_control_xfer_cb
                0x10003038       0xec CMakeFiles/mouse-jiggler.dir/usr/src/pico-sdk/lib/tinyusb/src/device/usbd_control.c.o
                0x10003038                usbd_control_xfer_cb
 .text.tud_hid_set_protocol_cb
                0x10003124        0x4 CMakeFiles/mouse-jiggler.dir/usr/src/pico-sdk/lib/tinyusb/src/class/hid/hid_device.c.o
                0x10003124                tud_hid_set_protocol_cb
 .text.tud_hid_set_idle_cb
                0x10003128        0x4 CMakeFiles/mouse-jiggler.dir/usr/src/pico-sdk/lib/tinyusb/src/class/hid/hid_device.c.o
                0x10003128                tud_hid_set_idle_cb
 .text.tud_hid_report_failed_cb
                0x1000312c        0x4 CMakeFiles/mouse-jiggler.dir/usr/src/pico-sdk/lib/tinyusb/src/class/hid/hid_device.c.o
                0x1000312c                tud_hid_report_failed_cb
 .text.tud_hid_n_ready
                0x10003130       0x38 CMakeFiles/mouse-jiggler.dir/usr/src/pico-sdk/lib/tinyusb/src/class/hid/hid_device.c.o
                0x10003130                tud_hid_n_ready
 .text.tud_hid_n_mouse_report
                0x10003168       0x8c CMakeFiles/mouse-jiggler.dir/usr/src/pico-sdk/lib/tinyusb/src/class/hid/hid_device.c.o
                0x10003168                tud_hid_n_mouse_report
 .text.hidd_init
                0x100031f4       0x14 CMakeFiles/mouse-jiggler.dir/usr/src/pico-sdk/lib/tinyusb/src/class/hid/hid_device.c.o
                0x100031f4                hidd_init
 .text.hidd_deinit
                0x10003208        0x4 CMakeFiles/mouse-jiggler.dir/usr/src/pico-sdk/lib/tinyusb/src/class/hid/hid_device.c.o
                0x10003208                hidd_deinit
 .text.hidd_reset
                0x1000320c       0x14 CMakeFiles/mouse-jiggler.dir/usr/src/pico-sdk/lib/tinyusb/src/class/hid/hid_device.c.o
                0x1000320c                hidd_reset
 .text.hidd_open
                0x10003220       0x8c CMakeFiles/mouse-jiggler.dir/usr/src/pico-sdk/lib/tinyusb/src/class/hid/hid_device.c.o
                0x10003220                hidd_open
 .text.hidd_control_xfer_cb
                0x100032ac      0x198 CMakeFiles/mouse-jiggler.dir/usr/src/pico-sdk/lib/tinyusb/src/class/hid/hid_device.c.o
                0x100032ac                hidd_control_xfer_cb
 .text.hidd_xfer_cb
                0x10003444       0x7c CMakeFiles/mouse-jiggler.dir/usr/src/pico-sdk/lib/tinyusb/src/class/hid/hid_device.c.o
                0x10003444                hidd_xfer_cb
 .text.tusb_rhport_init
                0x100034c0       0x4c CMakeFiles/mouse-jiggler.dir/usr/src/pico-sdk/lib/tinyusb/src/tusb.c.o
                0x100034c0                tusb_rhport_init
 .text.tu_edpt_claim
                0x1000350c       0x50 CMakeFiles/mouse-jiggler.dir/usr/src/pico-sdk/lib/tinyusb/src/tusb.c.o
                0x1000350c                tu_edpt_claim
 .text.tu_edpt_validate
                0x1000355c       0x7c CMakeFiles/mouse-jiggler.dir/usr/src/pico-sdk/lib/tinyusb/src/tusb.c.o
                0x1000355c                tu_edpt_validate
 .text.tu_edpt_bind_driver
                0x100035d8       0x34 CMakeFiles/mouse-jiggler.dir/usr/src/pico-sdk/lib/tinyusb/src/tusb.c.o
                0x100035d8                tu_edpt_bind_driver
 .text.tu_fifo_read
                0x1000360c       0x9c CMakeFiles/mouse-jiggler.dir/usr/src/pico-sdk/lib/tinyusb/src/common/tusb_fifo.c.o
                0x1000360c                tu_fifo_read
 .text.tu_fifo_write
                0x100036a8       0xa4 CMakeFiles/mouse-jiggler.dir/usr/src/pico-sdk/lib/tinyusb/src/common/tusb_fifo.c.o
                0x100036a8                tu_fifo_write
 .text.tu_fifo_clear
                0x1000374c       0x40 CMakeFiles/mouse-jiggler.dir/usr/src/pico-sdk/lib/tinyusb/src/common/tusb_fifo.c.o
                0x1000374c                tu_fifo_clear
 .text.board_init
                0x1000378c       0x30 CMakeFiles/mouse-jiggler.dir/usr/src/pico-sdk/lib/tinyusb/hw/bsp/rp2040/family.c.o
                0x1000378c                board_init
 .text.board_led_write
                0x100037bc       0x14 CMakeFiles/mouse-jiggler.dir/usr/src/pico-sdk/lib/tinyusb/hw/bsp/rp2040/family.c.o
                0x100037bc                board_led_write
 .text.startup._retrieve_unique_id_on_boot
                0x100037d0       0x10 CMakeFiles/mouse-jiggler.dir/usr/src/pico-sdk/src/rp2_common/pico_unique_id/unique_id.c.o
 .text.flash_get_unique_id
                0x100037e0       0x3c CMakeFiles/mouse-jiggler.dir/usr/src/pico-sdk/src/rp2_common/hardware_flash/flash.c.o
                0x100037e0                flash_get_unique_id
 .text          0x1000381c       0x48 /usr/lib/gcc/arm-none-eabi/14.2.1/../../../arm-none-eabi/lib/thumb/v6-m/nofp/libg.a(libc_a-rand.o)
                0x1000381c                srand
                0x10003830                rand
 .text          0x10003864       0x5c /usr/lib/gcc/arm-none-eabi/14.2.1/../../../arm-none-eabi/lib/thumb/v6-m/nofp/libg.a(libc_a-strlen-stub.o)
                0x10003864                strlen
 .text          0x100038c0       0x28 /usr/lib/gcc/arm-none-eabi/14.2.1/../../../arm-none-eabi/lib/thumb/v6-m/nofp/libg.a(libc_a-fini.o)
                0x100038c0                __libc_fini_array
 .text          0x100038e8       0x10 /usr/lib/gcc/arm-none-eabi/14.2.1/../../../arm-none-eabi/lib/thumb/v6-m/nofp/libg.a(libc_a-atexit.o)
                0x100038e8                atexit
 .text          0x100038f8       0x78 /usr/lib/gcc/arm-none-eabi/14.2.1/../../../arm-none-eabi/lib/thumb/v6-m/nofp/libg.a(libc_a-__atexit.o)
                0x100038f8                __register_exitproc
 .text.startup  0x10003970       0x18 /usr/lib/gcc/arm-none-eabi/14.2.1/../../../arm-none-eabi/lib/thumb/v6-m/nofp/libg.a(libc_a-__call_atexit.o)
 *(.fini)
 .fini          0x10003988        0x4 /usr/lib/gcc/arm-none-eabi/14.2.1/thumb/v6-m/nofp/crti.o
                0x10003988                _fini
 *fill*         0x1000398c        0x4 
 .fini.__stub   0x10003990       0xa0 linker stubs
 *crtbegin.o(.ctors)
 *crtbegin?.o(.ctors)
 *(EXCLUDE_FILE(*crtend.o *crtend?.o) .ctors)
 *(SORT_BY_NAME(.ctors.*))
 *(.ctors)
 *crtbegin.o(.dtors)
 *crtbegin?.o(.dtors)
 *(EXCLUDE_FILE(*crtend.o *crtend?.o) .dtors)
 *(SORT_BY_NAME(.dtors.*))
 *(.dtors)
                0x10003a30                        . = ALIGN (0x4)
                0x10003a30                        PROVIDE (__preinit_array_start = .)
 *(SORT_BY_NAME(.preinit_array.*))
 .preinit_array.00100
                0x10003a30        0x4 CMakeFiles/mouse-jiggler.dir/usr/src/pico-sdk/src/rp2_common/pico_runtime_init/runtime_init.c.o
                0x10003a30                __pre_init_runtime_init_early_resets
 .preinit_array.00101
                0x10003a34        0x4 CMakeFiles/mouse-jiggler.dir/usr/src/pico-sdk/src/rp2_common/pico_runtime_init/runtime_init.c.o
                0x10003a34                __pre_init_runtime_init_usb_power_down
 .preinit_array.00275
                0x10003a38        0x4 CMakeFiles/mouse-jiggler.dir/usr/src/pico-sdk/src/rp2_common/pico_bit_ops/bit_ops_aeabi.S.o
 .preinit_array.00300
                0x10003a3c        0x4 CMakeFiles/mouse-jiggler.dir/usr/src/pico-sdk/src/rp2_common/pico_mem_ops/mem_ops_aeabi.S.o
 .preinit_array.00350
                0x10003a40        0x4 CMakeFiles/mouse-jiggler.dir/usr/src/pico-sdk/src/rp2_common/pico_double/double_aeabi_rp2040.S.o
 .preinit_array.00350
                0x10003a44        0x4 CMakeFiles/mouse-jiggler.dir/usr/src/pico-sdk/src/rp2_common/pico_float/float_aeabi_rp2040.S.o
 .preinit_array.00500
                0x10003a48        0x4 CMakeFiles/mouse-jiggler.dir/usr/src/pico-sdk/src/rp2_common/pico_runtime_init/runtime_init.c.o
                0x10003a48                __pre_init_runtime_init_clocks
 .preinit_array.00600
                0x10003a4c        0x4 CMakeFiles/mouse-jiggler.dir/usr/src/pico-sdk/src/rp2_common/pico_runtime_init/runtime_init.c.o
                0x10003a4c                __pre_init_runtime_init_post_clock_resets
 .preinit_array.00700
                0x10003a50        0x4 CMakeFiles/mouse-jiggler.dir/usr/src/pico-sdk/src/rp2_common/pico_runtime_init/runtime_init.c.o
                0x10003a50                __pre_init_runtime_init_rp2040_gpio_ie_disable
 .preinit_array.01000
                0x10003a54        0x4 CMakeFiles/mouse-jiggler.dir/usr/src/pico-sdk/src/rp2_common/pico_runtime_init/runtime_init.c.o
                0x10003a54                __pre_init_runtime_init_spin_locks_reset
 .preinit_array.01100
                0x10003a58        0x4 CMakeFiles/mouse-jiggler.dir/usr/src/pico-sdk/src/common/pico_sync/mutex.c.o
                0x10003a58                __pre_init_runtime_init_mutex
 .preinit_array.10080
                0x10003a5c        0x4 CMakeFiles/mouse-jiggler.dir/usr/src/pico-sdk/src/rp2_common/pico_runtime_init/runtime_init.c.o
                0x10003a5c                __pre_init_runtime_init_install_ram_vector_table
 .preinit_array.11000
                0x10003a60        0x4 CMakeFiles/mouse-jiggler.dir/usr/src/pico-sdk/src/common/pico_time/time.c.o
                0x10003a60                __pre_init_runtime_init_default_alarm_pool
 .preinit_array.YYYYY
                0x10003a64        0x4 CMakeFiles/mouse-jiggler.dir/usr/src/pico-sdk/src/rp2_common/pico_runtime/runtime.c.o
                0x10003a64                __pre_init_first_per_core_initializer
 .preinit_array.ZZZZZ.01200
                0x10003a68        0x4 CMakeFiles/mouse-jiggler.dir/usr/src/pico-sdk/src/rp2_common/hardware_irq/irq.c.o
                0x10003a68                __pre_init_runtime_init_per_core_irq_priorities
 *(.preinit_array)
                0x10003a6c                        PROVIDE (__preinit_array_end = .)
                0x10003a6c                        . = ALIGN (0x4)
                0x10003a6c                        PROVIDE (__init_array_start = .)
 *(SORT_BY_NAME(.init_array.*))
 .init_array.00000
                0x10003a6c        0x4 /usr/lib/gcc/arm-none-eabi/14.2.1/../../../arm-none-eabi/lib/thumb/v6-m/nofp/libg.a(libc_a-__call_atexit.o)
 *(.init_array)
 .init_array    0x10003a70        0x4 /usr/lib/gcc/arm-none-eabi/14.2.1/thumb/v6-m/nofp/crtbegin.o
 .init_array    0x10003a74        0x4 CMakeFiles/mouse-jiggler.dir/usr/src/pico-sdk/src/rp2_common/pico_unique_id/unique_id.c.o
                0x10003a78                        PROVIDE (__init_array_end = .)
                0x10003a78                        . = ALIGN (0x4)
                0x10003a78                        PROVIDE (__fini_array_start = .)
 *(SORT_BY_NAME(.fini_array.*))
 *(.fini_array)
                0x10003a78                        PROVIDE (__fini_array_end = .)
 *(.eh_frame*)
 .eh_frame      0x10003a78        0x0 /usr/lib/gcc/arm-none-eabi/14.2.1/thumb/v6-m/nofp/crtbegin.o
                0x10003a78                        . = ALIGN (0x4)

.glue_7         0x10003a78        0x0
 .glue_7        0x10003a78        0x0 linker stubs

.glue_7t        0x10003a78        0x0
 .glue_7t       0x10003a78        0x0 linker stubs

.vfp11_veneer   0x10003a78        0x0
 .vfp11_veneer  0x10003a78        0x0 linker stubs

.v4_bx          0x10003a78        0x0
 .v4_bx         0x10003a78        0x0 linker stubs

.iplt           0x10003a78        0x0
 .iplt          0x10003a78        0x0 /usr/lib/gcc/arm-none-eabi/14.2.1/thumb/v6-m/nofp/crtbegin.o

.rodata         0x10003a78      0x3c8
 *(EXCLUDE_FILE(*libm.a: *libc.a:*lib_a-mem*.o *libgcc.a:) .rodata*)
 .rodata.str1.4
                0x10003a78      0x12c CMakeFiles/mouse-jiggler.dir/usb_descriptors.c.o
                                 0x1f (size before relaxing)
 .rodata.__compound_literal.0
                0x10003ba4        0x2 CMakeFiles/mouse-jiggler.dir/usb_descriptors.c.o
 *fill*         0x10003ba6        0x2 
 .rodata.desc_configuration
                0x10003ba8       0x22 CMakeFiles/mouse-jiggler.dir/usb_descriptors.c.o
                0x10003ba8                desc_configuration
 *fill*         0x10003bca        0x2 
 .rodata.desc_hid_report
                0x10003bcc       0xef CMakeFiles/mouse-jiggler.dir/usb_descriptors.c.o
                0x10003bcc                desc_hid_report
 *fill*         0x10003cbb        0x1 
 .rodata.desc_device
                0x10003cbc       0x12 CMakeFiles/mouse-jiggler.dir/usb_descriptors.c.o
                0x10003cbc                desc_device
 .rodata.panic.str1.4
                0x10003cce       0x12 CMakeFiles/mouse-jiggler.dir/usr/src/pico-sdk/src/rp2_common/pico_platform_panic/panic.c.o
 .rodata.spin_lock_claim_unused.str1.4
                0x10003cce       0x1b CMakeFiles/mouse-jiggler.dir/usr/src/pico-sdk/src/rp2_common/hardware_sync/sync.c.o
 .rodata.timer_hardware_alarm_claim.str1.4
                0x10003cce       0x22 CMakeFiles/mouse-jiggler.dir/usr/src/pico-sdk/src/rp2_common/hardware_timer/timer.c.o
 .rodata.hard_assertion_failure.str1.4
                0x10003cce        0xc CMakeFiles/mouse-jiggler.dir/usr/src/pico-sdk/src/rp2_common/pico_runtime/runtime.c.o
 .rodata.str1.4
                0x10003cce       0x48 CMakeFiles/mouse-jiggler.dir/usr/src/pico-sdk/src/rp2_common/pico_standard_binary_info/standard_binary_info.c.o
 *fill*         0x10003cce        0x2 
 .rodata.__bi_84
                0x10003cd0        0xc CMakeFiles/mouse-jiggler.dir/usr/src/pico-sdk/src/rp2_common/pico_standard_binary_info/standard_binary_info.c.o
 .rodata.__bi_78
                0x10003cdc        0xc CMakeFiles/mouse-jiggler.dir/usr/src/pico-sdk/src/rp2_common/pico_standard_binary_info/standard_binary_info.c.o
 .rodata.__bi_60
                0x10003ce8        0xc CMakeFiles/mouse-jiggler.dir/usr/src/pico-sdk/src/rp2_common/pico_standard_binary_info/standard_binary_info.c.o
 .rodata.__bi_54
                0x10003cf4        0xc CMakeFiles/mouse-jiggler.dir/usr/src/pico-sdk/src/rp2_common/pico_standard_binary_info/standard_binary_info.c.o
 .rodata.__bi_48
                0x10003d00        0xc CMakeFiles/mouse-jiggler.dir/usr/src/pico-sdk/src/rp2_common/pico_standard_binary_info/standard_binary_info.c.o
 .rodata.__bi_42
                0x10003d0c        0xc CMakeFiles/mouse-jiggler.dir/usr/src/pico-sdk/src/rp2_common/pico_standard_binary_info/standard_binary_info.c.o
 .rodata.__bi_34
                0x10003d18        0xc CMakeFiles/mouse-jiggler.dir/usr/src/pico-sdk/src/rp2_common/pico_standard_binary_info/standard_binary_info.c.o
 .rodata.__bi_26
                0x10003d24        0xc CMakeFiles/mouse-jiggler.dir/usr/src/pico-sdk/src/rp2_common/pico_standard_binary_info/standard_binary_info.c.o
 .rodata.crlf_str.0
                0x10003d30        0x2 CMakeFiles/mouse-jiggler.dir/usr/src/pico-sdk/src/rp2_common/pico_stdio/stdio.c.o
 .rodata.str1.4
                0x10003d32       0x14 CMakeFiles/mouse-jiggler.dir/usr/src/pico-sdk/lib/tinyusb/src/portable/raspberrypi/rp2040/dcd_rp2040.c.o
 .rodata.str1.4
                0x10003d32       0x48 CMakeFiles/mouse-jiggler.dir/usr/src/pico-sdk/lib/tinyusb/src/portable/raspberrypi/rp2040/rp2040_usb.c.o
 *fill*         0x10003d32        0x2 
 .rodata.tud_task_ext
                0x10003d34       0x8c CMakeFiles/mouse-jiggler.dir/usr/src/pico-sdk/lib/tinyusb/src/device/usbd.c.o
 .rodata        0x10003dc0       0x1c CMakeFiles/mouse-jiggler.dir/usr/src/pico-sdk/lib/tinyusb/src/device/usbd.c.o
 .rodata._usbd_driver
                0x10003ddc       0x20 CMakeFiles/mouse-jiggler.dir/usr/src/pico-sdk/lib/tinyusb/src/device/usbd.c.o
 .rodata.hidd_control_xfer_cb
                0x10003dfc       0x30 CMakeFiles/mouse-jiggler.dir/usr/src/pico-sdk/lib/tinyusb/src/class/hid/hid_device.c.o
 .rodata.str1.4
                0x10003e2c        0x4 CMakeFiles/mouse-jiggler.dir/usr/src/pico-sdk/lib/tinyusb/hw/bsp/rp2040/family.c.o
 .rodata.__bi_153.0
                0x10003e2c        0xc CMakeFiles/mouse-jiggler.dir/usr/src/pico-sdk/lib/tinyusb/hw/bsp/rp2040/family.c.o
 .rodata.__bi_163.1
                0x10003e38        0x8 CMakeFiles/mouse-jiggler.dir/usr/src/pico-sdk/lib/tinyusb/hw/bsp/rp2040/family.c.o
                0x10003e40                        . = ALIGN (0x4)
 *(SORT_BY_ALIGNMENT(SORT_BY_NAME(.flashdata*)))
                0x10003e40                        . = ALIGN (0x4)

.ARM.extab
 *(.ARM.extab* .gnu.linkonce.armextab.*)
                0x10003e40                        __exidx_start = .

.ARM.exidx
 *(.ARM.exidx* .gnu.linkonce.armexidx.*)
                0x10003e40                        __exidx_end = .
                0x10003e40                        . = ALIGN (0x4)
                0x10003e40                        __binary_info_start = .

.binary_info    0x10003e40       0x28
 *(.binary_info.keep.*)
 .binary_info.keep.__bi_ptr84
                0x10003e40        0x4 CMakeFiles/mouse-jiggler.dir/usr/src/pico-sdk/src/rp2_common/pico_standard_binary_info/standard_binary_info.c.o
 .binary_info.keep.__bi_ptr78
                0x10003e44        0x4 CMakeFiles/mouse-jiggler.dir/usr/src/pico-sdk/src/rp2_common/pico_standard_binary_info/standard_binary_info.c.o
 .binary_info.keep.__bi_ptr60
                0x10003e48        0x4 CMakeFiles/mouse-jiggler.dir/usr/src/pico-sdk/src/rp2_common/pico_standard_binary_info/standard_binary_info.c.o
 .binary_info.keep.__bi_ptr54
                0x10003e4c        0x4 CMakeFiles/mouse-jiggler.dir/usr/src/pico-sdk/src/rp2_common/pico_standard_binary_info/standard_binary_info.c.o
 .binary_info.keep.__bi_ptr48
                0x10003e50        0x4 CMakeFiles/mouse-jiggler.dir/usr/src/pico-sdk/src/rp2_common/pico_standard_binary_info/standard_binary_info.c.o
 .binary_info.keep.__bi_ptr42
                0x10003e54        0x4 CMakeFiles/mouse-jiggler.dir/usr/src/pico-sdk/src/rp2_common/pico_standard_binary_info/standard_binary_info.c.o
 .binary_info.keep.__bi_ptr34
                0x10003e58        0x4 CMakeFiles/mouse-jiggler.dir/usr/src/pico-sdk/src/rp2_common/pico_standard_binary_info/standard_binary_info.c.o
 .binary_info.keep.__bi_ptr26
                0x10003e5c        0x4 CMakeFiles/mouse-jiggler.dir/usr/src/pico-sdk/src/rp2_common/pico_standard_binary_info/standard_binary_info.c.o
 .binary_info.keep.__bi_ptr163
                0x10003e60        0x4 CMakeFiles/mouse-jiggler.dir/usr/src/pico-sdk/lib/tinyusb/hw/bsp/rp2040/family.c.o
 .binary_info.keep.__bi_ptr153
                0x10003e64        0x4 CMakeFiles/mouse-jiggler.dir/usr/src/pico-sdk/lib/tinyusb/hw/bsp/rp2040/family.c.o
 *(.binary_info.*)
                0x10003e68                        __binary_info_end = .

.rel.dyn        0x10003e68        0x0
 .rel.iplt      0x10003e68        0x0 /usr/lib/gcc/arm-none-eabi/14.2.1/thumb/v6-m/nofp/crtbegin.o
                0x10003e68                        . = ALIGN (0x4)

.ram_vector_table
                0x20000000       0xc0
 *(.ram_vector_table)
 .ram_vector_table
                0x20000000       0xc0 CMakeFiles/mouse-jiggler.dir/usr/src/pico-sdk/src/rp2_common/pico_runtime_init/runtime_init.c.o
                0x20000000                ram_vector_table

.uninitialized_data
                0x200000c0        0x0
                0x200000c0                        . = ALIGN (0x4)
 *(.uninitialized_data*)

.data           0x200000c0     0x10b8 load address 0x10003e68
                0x200000c0                        __data_start__ = .
 *(vtable)
 *(.time_critical*)
 .time_critical.mutex_try_enter_block_until
                0x200000c0       0x98 CMakeFiles/mouse-jiggler.dir/usr/src/pico-sdk/src/common/pico_sync/mutex.c.o
                0x200000c0                mutex_try_enter_block_until
 .time_critical.mutex_enter_timeout_ms
                0x20000158       0x8c CMakeFiles/mouse-jiggler.dir/usr/src/pico-sdk/src/common/pico_sync/mutex.c.o
                0x20000158                mutex_enter_timeout_ms
 .time_critical.mutex_exit
                0x200001e4       0x28 CMakeFiles/mouse-jiggler.dir/usr/src/pico-sdk/src/common/pico_sync/mutex.c.o
                0x200001e4                mutex_exit
 .time_critical.reset_non_control_endpoints
                0x2000020c       0x68 CMakeFiles/mouse-jiggler.dir/usr/src/pico-sdk/lib/tinyusb/src/portable/raspberrypi/rp2040/dcd_rp2040.c.o
 .time_critical.hw_handle_buff_status
                0x20000274       0xa0 CMakeFiles/mouse-jiggler.dir/usr/src/pico-sdk/lib/tinyusb/src/portable/raspberrypi/rp2040/dcd_rp2040.c.o
 .time_critical.dcd_rp2040_irq
                0x20000314      0x548 CMakeFiles/mouse-jiggler.dir/usr/src/pico-sdk/lib/tinyusb/src/portable/raspberrypi/rp2040/dcd_rp2040.c.o
 .time_critical.prepare_ep_buffer
                0x2000085c       0xc8 CMakeFiles/mouse-jiggler.dir/usr/src/pico-sdk/lib/tinyusb/src/portable/raspberrypi/rp2040/rp2040_usb.c.o
 .time_critical.sync_ep_buffer
                0x20000924       0x9c CMakeFiles/mouse-jiggler.dir/usr/src/pico-sdk/lib/tinyusb/src/portable/raspberrypi/rp2040/rp2040_usb.c.o
 .time_critical._hw_endpoint_xfer_sync
                0x200009c0       0x28 CMakeFiles/mouse-jiggler.dir/usr/src/pico-sdk/lib/tinyusb/src/portable/raspberrypi/rp2040/rp2040_usb.c.o
 .time_critical.e15_is_bulkin_ep
                0x200009e8       0x28 CMakeFiles/mouse-jiggler.dir/usr/src/pico-sdk/lib/tinyusb/src/portable/raspberrypi/rp2040/rp2040_usb.c.o
 .time_critical.e15_is_critical_frame_period
                0x20000a10       0x34 CMakeFiles/mouse-jiggler.dir/usr/src/pico-sdk/lib/tinyusb/src/portable/raspberrypi/rp2040/rp2040_usb.c.o
 .time_critical.hw_endpoint_reset_transfer
                0x20000a44        0xc CMakeFiles/mouse-jiggler.dir/usr/src/pico-sdk/lib/tinyusb/src/portable/raspberrypi/rp2040/rp2040_usb.c.o
                0x20000a44                hw_endpoint_reset_transfer
 .time_critical._hw_endpoint_buffer_control_update32
                0x20000a50       0x50 CMakeFiles/mouse-jiggler.dir/usr/src/pico-sdk/lib/tinyusb/src/portable/raspberrypi/rp2040/rp2040_usb.c.o
                0x20000a50                _hw_endpoint_buffer_control_update32
 .time_critical.hw_endpoint_start_next_buffer
                0x20000aa0       0x68 CMakeFiles/mouse-jiggler.dir/usr/src/pico-sdk/lib/tinyusb/src/portable/raspberrypi/rp2040/rp2040_usb.c.o
                0x20000aa0                hw_endpoint_start_next_buffer
 .time_critical.hw_endpoint_xfer_continue
                0x20000b08       0x40 CMakeFiles/mouse-jiggler.dir/usr/src/pico-sdk/lib/tinyusb/src/portable/raspberrypi/rp2040/rp2040_usb.c.o
                0x20000b08                hw_endpoint_xfer_continue
 .time_critical.tinyusb
                0x20000b48      0x1e0 CMakeFiles/mouse-jiggler.dir/usr/src/pico-sdk/lib/tinyusb/src/device/usbd.c.o
                0x20000b48                dcd_event_handler
 .time_critical.flash_init_boot2_copyout
                0x20000d28       0x30 CMakeFiles/mouse-jiggler.dir/usr/src/pico-sdk/src/rp2_common/hardware_flash/flash.c.o
 .time_critical.flash_enable_xip_via_boot2
                0x20000d58        0xc CMakeFiles/mouse-jiggler.dir/usr/src/pico-sdk/src/rp2_common/hardware_flash/flash.c.o
 .time_critical.flash_cs_force
                0x20000d64       0x38 CMakeFiles/mouse-jiggler.dir/usr/src/pico-sdk/src/rp2_common/hardware_flash/flash.c.o
 .time_critical.flash_do_cmd
                0x20000d9c      0x130 CMakeFiles/mouse-jiggler.dir/usr/src/pico-sdk/src/rp2_common/hardware_flash/flash.c.o
                0x20000d9c                flash_do_cmd
 *(.text*)
 .text          0x20000ecc        0x4 /usr/lib/gcc/arm-none-eabi/14.2.1/thumb/v6-m/nofp/libgcc.a(_dvmd_tls.o)
                0x20000ecc                __aeabi_ldiv0
                0x20000ecc                __aeabi_idiv0
 .text.__stub   0x20000ed0       0x80 linker stubs
                0x20000f50                        . = ALIGN (0x4)
 *(.rodata*)
                0x20000f50                        . = ALIGN (0x4)
 *(.data*)
 .data.string_desc_arr
                0x20000f50       0x10 CMakeFiles/mouse-jiggler.dir/usb_descriptors.c.o
                0x20000f50                string_desc_arr
 .data.striped_spin_lock_num
                0x20000f60        0x1 CMakeFiles/mouse-jiggler.dir/usr/src/pico-sdk/src/rp2_common/hardware_sync/sync.c.o
 *fill*         0x20000f61        0x3 
 .data          0x20000f64       0x48 CMakeFiles/mouse-jiggler.dir/usr/src/pico-sdk/src/rp2_common/hardware_irq/irq_handler_chain.S.o
                0x20000f64                irq_handler_chain_slots
                0x20000f94                irq_handler_chain_first_slot
                0x20000f9e                irq_handler_chain_remove_tail
 .data.default_alarm_pool
                0x20000fac       0x18 CMakeFiles/mouse-jiggler.dir/usr/src/pico-sdk/src/common/pico_time/time.c.o
 *fill*         0x20000fc4        0xc 
 .data.aeabi_bits_funcs
                0x20000fd0       0x10 CMakeFiles/mouse-jiggler.dir/usr/src/pico-sdk/src/rp2_common/pico_bit_ops/bit_ops_aeabi.S.o
                0x20000fd0                aeabi_bits_funcs
                0x20000fe0                aeabi_bits_funcs_end
 .data.aeabi_mem_funcs
                0x20000fe0       0x10 CMakeFiles/mouse-jiggler.dir/usr/src/pico-sdk/src/rp2_common/pico_mem_ops/mem_ops_aeabi.S.o
                0x20000fe0                aeabi_mem_funcs
                0x20000ff0                aeabi_mem_funcs_end
 .data.stdio_uart
                0x20000ff0       0x18 CMakeFiles/mouse-jiggler.dir/usr/src/pico-sdk/src/rp2_common/pico_stdio_uart/stdio_uart.c.o
                0x20000ff0                stdio_uart
 .data._usbd_qdef
                0x20001008       0x1c CMakeFiles/mouse-jiggler.dir/usr/src/pico-sdk/lib/tinyusb/src/device/usbd.c.o
                0x20001008                _usbd_qdef
 .data._usbd_rhport
                0x20001024        0x1 CMakeFiles/mouse-jiggler.dir/usr/src/pico-sdk/lib/tinyusb/src/device/usbd.c.o
 *fill*         0x20001025        0x3 
 .data          0x20001028      0x148 /usr/lib/gcc/arm-none-eabi/14.2.1/../../../arm-none-eabi/lib/thumb/v6-m/nofp/libg.a(libc_a-impure.o)
                0x20001028                _impure_ptr
                0x20001030                _impure_data
                0x20001170                        . = ALIGN (0x4)
 *(.after_data.*)
                0x20001170                        . = ALIGN (0x4)
                0x20001170                        PROVIDE (__mutex_array_start = .)
 *(SORT_BY_NAME(.mutex_array.*))
 *(.mutex_array)
 .mutex_array   0x20001170        0x8 CMakeFiles/mouse-jiggler.dir/usr/src/pico-sdk/src/rp2_common/pico_stdio/stdio.c.o
                0x20001178                        PROVIDE (__mutex_array_end = .)
                0x20001178                        . = ALIGN (0x4)
 *(.jcr)
                0x20001178                        . = ALIGN (0x4)

.tm_clone_table
                0x20001178        0x0 load address 0x10004f20
 .tm_clone_table
                0x20001178        0x0 /usr/lib/gcc/arm-none-eabi/14.2.1/thumb/v6-m/nofp/crtbegin.o
 .tm_clone_table
                0x20001178        0x0 /usr/lib/gcc/arm-none-eabi/14.2.1/thumb/v6-m/nofp/crtend.o

.igot.plt       0x20001178        0x0 load address 0x10004f20
 .igot.plt      0x20001178        0x0 /usr/lib/gcc/arm-none-eabi/14.2.1/thumb/v6-m/nofp/crtbegin.o

.tdata          0x20001178        0x0 load address 0x10004f20
                0x20001178                        . = ALIGN (0x4)
 *(.tdata .tdata.* .gnu.linkonce.td.*)
                0x20001178                        __tdata_end = .
                0x20001178                        PROVIDE (__data_end__ = .)
                0x10003e68                        __etext = LOADADDR (.data)

.tbss           0x20001178        0x0 load address 0x10004f20
                0x20001178                        . = ALIGN (0x4)
                0x20001178                        __bss_start__ = .
                0x20001178                        __tls_base = .
 *(.tbss .tbss.* .gnu.linkonce.tb.*)
 *(.tcommon)
                0x20001178                        __tls_end = .

.bss            0x20001178      0xde8 load address 0x10004f20
                0x20001178                        . = ALIGN (0x4)
                0x20001178                        __tbss_end = .
 *(SORT_BY_ALIGNMENT(SORT_BY_NAME(.bss*)))
 .bss.default_alarm_pool_entries
                0x20001178      0x180 CMakeFiles/mouse-jiggler.dir/usr/src/pico-sdk/src/common/pico_time/time.c.o
 .bss.sd_table  0x200012f8      0x100 CMakeFiles/mouse-jiggler.dir/usr/src/pico-sdk/src/rp2_common/pico_double/double_init_rom_rp2040.c.o
                0x200012f8                sd_table
 .bss.sf_table  0x200013f8      0x100 CMakeFiles/mouse-jiggler.dir/usr/src/pico-sdk/src/rp2_common/pico_float/float_init_rom_rp2040.c.o
                0x200013f8                sf_table
 .bss           0x200014f8       0x1c /usr/lib/gcc/arm-none-eabi/14.2.1/thumb/v6-m/nofp/crtbegin.o
 .bss           0x20001514      0x13c /usr/lib/gcc/arm-none-eabi/14.2.1/../../../arm-none-eabi/lib/thumb/v6-m/nofp/libg.a(libc_a-findfp.o)
                0x20001514                __stdio_exit_handler
                0x20001518                __sf
 .bss           0x20001650      0x190 /usr/lib/gcc/arm-none-eabi/14.2.1/../../../arm-none-eabi/lib/thumb/v6-m/nofp/libg.a(libc_a-__atexit.o)
                0x20001650                __atexit0
 .bss           0x200017e0        0x4 /usr/lib/gcc/arm-none-eabi/14.2.1/../../../arm-none-eabi/lib/thumb/v6-m/nofp/libg.a(libc_a-__call_atexit.o)
                0x200017e0                __atexit
 .bss._app_driver
                0x200017e4        0x4 CMakeFiles/mouse-jiggler.dir/usr/src/pico-sdk/lib/tinyusb/src/device/usbd.c.o
 .bss._ctrl_epbuf
                0x200017e8       0x40 CMakeFiles/mouse-jiggler.dir/usr/src/pico-sdk/lib/tinyusb/src/device/usbd_control.c.o
 .bss._ctrl_xfer
                0x20001828       0x14 CMakeFiles/mouse-jiggler.dir/usr/src/pico-sdk/lib/tinyusb/src/device/usbd_control.c.o
 .bss._desc_str
                0x2000183c       0x40 CMakeFiles/mouse-jiggler.dir/usb_descriptors.c.o
 .bss._hidd_epbuf
                0x2000187c       0x30 CMakeFiles/mouse-jiggler.dir/usr/src/pico-sdk/lib/tinyusb/src/class/hid/hid_device.c.o
 .bss._hidd_itf
                0x200018ac        0xc CMakeFiles/mouse-jiggler.dir/usr/src/pico-sdk/lib/tinyusb/src/class/hid/hid_device.c.o
 .bss._tusb_rhport_role
                0x200018b8        0x2 CMakeFiles/mouse-jiggler.dir/usr/src/pico-sdk/lib/tinyusb/src/tusb.c.o
                0x200018b8                _tusb_rhport_role
 *fill*         0x200018ba        0x2 
 .bss._ubsd_mutexdef
                0x200018bc        0x8 CMakeFiles/mouse-jiggler.dir/usr/src/pico-sdk/lib/tinyusb/src/device/usbd.c.o
 .bss._usbd_dev
                0x200018c4       0x54 CMakeFiles/mouse-jiggler.dir/usr/src/pico-sdk/lib/tinyusb/src/device/usbd.c.o
 .bss._usbd_mutex
                0x20001918        0x4 CMakeFiles/mouse-jiggler.dir/usr/src/pico-sdk/lib/tinyusb/src/device/usbd.c.o
 .bss._usbd_q   0x2000191c        0x4 CMakeFiles/mouse-jiggler.dir/usr/src/pico-sdk/lib/tinyusb/src/device/usbd.c.o
 .bss._usbd_qdef_buf
                0x20001920       0xc0 CMakeFiles/mouse-jiggler.dir/usr/src/pico-sdk/lib/tinyusb/src/device/usbd.c.o
                0x20001920                _usbd_qdef_buf
 .bss.boot2_copyout
                0x200019e0      0x100 CMakeFiles/mouse-jiggler.dir/usr/src/pico-sdk/src/rp2_common/hardware_flash/flash.c.o
 .bss.chars_available_callback
                0x20001ae0        0x4 CMakeFiles/mouse-jiggler.dir/usr/src/pico-sdk/src/rp2_common/pico_stdio_uart/stdio_uart.c.o
 .bss.chars_available_param
                0x20001ae4        0x4 CMakeFiles/mouse-jiggler.dir/usr/src/pico-sdk/src/rp2_common/pico_stdio_uart/stdio_uart.c.o
 .bss.claimed   0x20001ae8        0x4 CMakeFiles/mouse-jiggler.dir/usr/src/pico-sdk/src/rp2_common/hardware_sync/sync.c.o
 .bss.claimed   0x20001aec        0x1 CMakeFiles/mouse-jiggler.dir/usr/src/pico-sdk/src/rp2_common/hardware_timer/timer.c.o
 *fill*         0x20001aed        0x3 
 .bss.configured_freq
                0x20001af0       0x28 CMakeFiles/mouse-jiggler.dir/usr/src/pico-sdk/src/rp2_common/hardware_clocks/clocks.c.o
 .bss.drivers   0x20001b18        0x4 CMakeFiles/mouse-jiggler.dir/usr/src/pico-sdk/src/rp2_common/pico_stdio/stdio.c.o
 .bss.e15_last_sof
                0x20001b1c        0x4 CMakeFiles/mouse-jiggler.dir/usr/src/pico-sdk/lib/tinyusb/src/portable/raspberrypi/rp2040/rp2040_usb.c.o
                0x20001b1c                e15_last_sof
 .bss.filter    0x20001b20        0x4 CMakeFiles/mouse-jiggler.dir/usr/src/pico-sdk/src/rp2_common/pico_stdio/stdio.c.o
 .bss.hw_endpoints
                0x20001b24      0x400 CMakeFiles/mouse-jiggler.dir/usr/src/pico-sdk/lib/tinyusb/src/portable/raspberrypi/rp2040/dcd_rp2040.c.o
 .bss.lazy_vsnprintf
                0x20001f24        0x4 CMakeFiles/mouse-jiggler.dir/usr/src/pico-sdk/src/rp2_common/pico_printf/printf.c.o
 .bss.next_buffer_ptr
                0x20001f28        0x4 CMakeFiles/mouse-jiggler.dir/usr/src/pico-sdk/lib/tinyusb/src/portable/raspberrypi/rp2040/dcd_rp2040.c.o
 .bss.pools     0x20001f2c       0x10 CMakeFiles/mouse-jiggler.dir/usr/src/pico-sdk/src/common/pico_time/time.c.o
 .bss.retrieved_id
                0x20001f3c        0x8 CMakeFiles/mouse-jiggler.dir/usr/src/pico-sdk/src/rp2_common/pico_unique_id/unique_id.c.o
 .bss.sf_clz_func
                0x20001f44        0x4 CMakeFiles/mouse-jiggler.dir/usr/src/pico-sdk/src/rp2_common/pico_double/double_init_rom_rp2040.c.o
                0x20001f44                sf_clz_func
 .bss.sleep_notifier
                0x20001f48        0x4 CMakeFiles/mouse-jiggler.dir/usr/src/pico-sdk/src/common/pico_time/time.c.o
 .bss.uart_char_to_line_feed
                0x20001f4c        0x4 CMakeFiles/mouse-jiggler.dir/usr/src/pico-sdk/src/rp2_common/hardware_uart/uart.c.o
                0x20001f4c                uart_char_to_line_feed
 .bss.uart_inst
                0x20001f50        0x4 CMakeFiles/mouse-jiggler.dir/usr/src/pico-sdk/lib/tinyusb/hw/bsp/rp2040/family.c.o
 .bss.uart_instance
                0x20001f54        0x4 CMakeFiles/mouse-jiggler.dir/usr/src/pico-sdk/src/rp2_common/pico_stdio_uart/stdio_uart.c.o
 .bss._app_driver_count
                0x20001f58        0x1 CMakeFiles/mouse-jiggler.dir/usr/src/pico-sdk/lib/tinyusb/src/device/usbd.c.o
 .bss._sof_enable
                0x20001f59        0x1 CMakeFiles/mouse-jiggler.dir/usr/src/pico-sdk/lib/tinyusb/src/portable/raspberrypi/rp2040/dcd_rp2040.c.o
 .bss._usbd_queued_setup
                0x20001f5a        0x1 CMakeFiles/mouse-jiggler.dir/usr/src/pico-sdk/lib/tinyusb/src/device/usbd.c.o
 .bss.boot2_copyout_valid
                0x20001f5b        0x1 CMakeFiles/mouse-jiggler.dir/usr/src/pico-sdk/src/rp2_common/hardware_flash/flash.c.o
 .bss.irq_handler_chain_free_slot_head
                0x20001f5c        0x1 CMakeFiles/mouse-jiggler.dir/usr/src/pico-sdk/src/rp2_common/hardware_irq/irq.c.o
 *(COMMON)
                0x20001f60                        . = ALIGN (0x4)
 *fill*         0x20001f5d        0x3 
                0x20001f60                        __bss_end__ = .

.heap           0x20001f60      0x800 load address 0x10004f20
                0x20001f60                        __end__ = .
                0x20001f60                        end = __end__
 *(.heap*)
 .heap          0x20001f60      0x800 CMakeFiles/mouse-jiggler.dir/usr/src/pico-sdk/src/rp2_common/pico_crt0/crt0.S.o
                0x20040000                        __HeapLimit = (ORIGIN (RAM) + LENGTH (RAM))

.scratch_x      0x20040000        0x0 load address 0x10004f20
                0x20040000                        __scratch_x_start__ = .
 *(.scratch_x.*)
                0x20040000                        . = ALIGN (0x4)
                0x20040000                        __scratch_x_end__ = .
                0x10004f20                        __scratch_x_source__ = LOADADDR (.scratch_x)

.scratch_y      0x20041000        0x0 load address 0x10004f20
                0x20041000                        __scratch_y_start__ = .
 *(.scratch_y.*)
                0x20041000                        . = ALIGN (0x4)
                0x20041000                        __scratch_y_end__ = .
                0x10004f20                        __scratch_y_source__ = LOADADDR (.scratch_y)

.stack1_dummy
 *(.stack1*)

.stack_dummy    0x20041000      0x800
 *(.stack*)
 .stack         0x20041000      0x800 CMakeFiles/mouse-jiggler.dir/usr/src/pico-sdk/src/rp2_common/pico_crt0/crt0.S.o

.flash_end      0x10004f20        0x0
 *(.embedded_end_block*)
                0x10004f20                        PROVIDE (__flash_binary_end = .)
                0x20040000                        __StackLimit = (ORIGIN (RAM) + LENGTH (RAM))
                0x20041000                        __StackOneTop = (ORIGIN (SCRATCH_X) + LENGTH (SCRATCH_X))
                0x20042000                        __StackTop = (ORIGIN (SCRATCH_Y) + LENGTH (SCRATCH_Y))
                0x20041000                        __StackOneBottom = (__StackOneTop - SIZEOF (.stack1_dummy))
                0x20041800                        __StackBottom = (__StackTop - SIZEOF (.stack_dummy))
                0x20042000                        PROVIDE (__stack = __StackTop)
                [!provide]                        PROVIDE (__heap_start = __end__)
                [!provide]                        PROVIDE (__heap_end = __HeapLimit)
                [!provide]                        PROVIDE (__tls_align = MAX (ALIGNOF (.tdata), ALIGNOF (.tbss)))
                [!provide]                        PROVIDE (__tls_size_align = (((__tls_size + __tls_align) - 0x1) & ~ ((__tls_align - 0x1))))
                [!provide]                        PROVIDE (__arm32_tls_tcb_offset = MAX (0x8, __tls_align))
                [!provide]                        PROVIDE (_end = __end__)
                [!provide]                        PROVIDE (__llvm_libc_heap_limit = __HeapLimit)
                0x00000001                        ASSERT ((__StackLimit >= __HeapLimit), region RAM overflowed)
                0x00000001                        ASSERT (((__binary_info_header_end - __logical_binary_start) <= 0x100), Binary info must be in first 256 bytes of the binary)
LOAD CMakeFiles/mouse-jiggler.dir/main.c.o
LOAD CMakeFiles/mouse-jiggler.dir/usb_descriptors.c.o
LOAD CMakeFiles/mouse-jiggler.dir/usr/src/pico-sdk/src/rp2_common/pico_stdlib/stdlib.c.o
LOAD CMakeFiles/mouse-jiggler.dir/usr/src/pico-sdk/src/rp2_common/hardware_gpio/gpio.c.o
LOAD CMakeFiles/mouse-jiggler.dir/usr/src/pico-sdk/src/rp2040/pico_platform/platform.c.o
LOAD CMakeFiles/mouse-jiggler.dir/usr/src/pico-sdk/src/rp2_common/pico_platform_panic/panic.c.o
LOAD CMakeFiles/mouse-jiggler.dir/usr/src/pico-sdk/src/common/hardware_claim/claim.c.o
LOAD CMakeFiles/mouse-jiggler.dir/usr/src/pico-sdk/src/rp2_common/hardware_sync/sync.c.o
LOAD CMakeFiles/mouse-jiggler.dir/usr/src/pico-sdk/src/rp2_common/hardware_sync_spin_lock/sync_spin_lock.c.o
LOAD CMakeFiles/mouse-jiggler.dir/usr/src/pico-sdk/src/rp2_common/hardware_irq/irq.c.o
LOAD CMakeFiles/mouse-jiggler.dir/usr/src/pico-sdk/src/rp2_common/hardware_irq/irq_handler_chain.S.o
LOAD CMakeFiles/mouse-jiggler.dir/usr/src/pico-sdk/src/common/pico_sync/sem.c.o
LOAD CMakeFiles/mouse-jiggler.dir/usr/src/pico-sdk/src/common/pico_sync/lock_core.c.o
LOAD CMakeFiles/mouse-jiggler.dir/usr/src/pico-sdk/src/common/pico_sync/mutex.c.o
LOAD CMakeFiles/mouse-jiggler.dir/usr/src/pico-sdk/src/common/pico_sync/critical_section.c.o
LOAD CMakeFiles/mouse-jiggler.dir/usr/src/pico-sdk/src/common/pico_time/time.c.o
LOAD CMakeFiles/mouse-jiggler.dir/usr/src/pico-sdk/src/common/pico_time/timeout_helper.c.o
LOAD CMakeFiles/mouse-jiggler.dir/usr/src/pico-sdk/src/rp2_common/hardware_timer/timer.c.o
LOAD CMakeFiles/mouse-jiggler.dir/usr/src/pico-sdk/src/common/pico_util/datetime.c.o
LOAD CMakeFiles/mouse-jiggler.dir/usr/src/pico-sdk/src/common/pico_util/pheap.c.o
LOAD CMakeFiles/mouse-jiggler.dir/usr/src/pico-sdk/src/common/pico_util/queue.c.o
LOAD CMakeFiles/mouse-jiggler.dir/usr/src/pico-sdk/src/rp2_common/hardware_uart/uart.c.o
LOAD CMakeFiles/mouse-jiggler.dir/usr/src/pico-sdk/src/rp2_common/hardware_clocks/clocks.c.o
LOAD CMakeFiles/mouse-jiggler.dir/usr/src/pico-sdk/src/rp2_common/hardware_pll/pll.c.o
LOAD CMakeFiles/mouse-jiggler.dir/usr/src/pico-sdk/src/rp2_common/hardware_vreg/vreg.c.o
LOAD CMakeFiles/mouse-jiggler.dir/usr/src/pico-sdk/src/rp2_common/hardware_watchdog/watchdog.c.o
LOAD CMakeFiles/mouse-jiggler.dir/usr/src/pico-sdk/src/rp2_common/hardware_ticks/ticks.c.o
LOAD CMakeFiles/mouse-jiggler.dir/usr/src/pico-sdk/src/rp2_common/pico_bootrom/bootrom.c.o
LOAD CMakeFiles/mouse-jiggler.dir/usr/src/pico-sdk/src/rp2_common/pico_bootrom/bootrom_lock.c.o
LOAD CMakeFiles/mouse-jiggler.dir/usr/src/pico-sdk/src/rp2_common/hardware_boot_lock/boot_lock.c.o
LOAD CMakeFiles/mouse-jiggler.dir/usr/src/pico-sdk/src/rp2_common/pico_flash/flash.c.o
LOAD CMakeFiles/mouse-jiggler.dir/usr/src/pico-sdk/src/rp2_common/hardware_xosc/xosc.c.o
LOAD CMakeFiles/mouse-jiggler.dir/usr/src/pico-sdk/src/rp2_common/hardware_divider/divider.S.o
LOAD CMakeFiles/mouse-jiggler.dir/usr/src/pico-sdk/src/rp2_common/pico_runtime/runtime.c.o
LOAD CMakeFiles/mouse-jiggler.dir/usr/src/pico-sdk/src/rp2_common/pico_runtime_init/runtime_init.c.o
LOAD CMakeFiles/mouse-jiggler.dir/usr/src/pico-sdk/src/rp2_common/pico_runtime_init/runtime_init_clocks.c.o
LOAD CMakeFiles/mouse-jiggler.dir/usr/src/pico-sdk/src/rp2_common/pico_runtime_init/runtime_init_stack_guard.c.o
LOAD CMakeFiles/mouse-jiggler.dir/usr/src/pico-sdk/src/rp2_common/pico_bit_ops/bit_ops_aeabi.S.o
LOAD CMakeFiles/mouse-jiggler.dir/usr/src/pico-sdk/src/rp2_common/pico_divider/divider_hardware.S.o
LOAD CMakeFiles/mouse-jiggler.dir/usr/src/pico-sdk/src/rp2_common/pico_double/double_aeabi_rp2040.S.o
LOAD CMakeFiles/mouse-jiggler.dir/usr/src/pico-sdk/src/rp2_common/pico_double/double_init_rom_rp2040.c.o
LOAD CMakeFiles/mouse-jiggler.dir/usr/src/pico-sdk/src/rp2_common/pico_double/double_math.c.o
LOAD CMakeFiles/mouse-jiggler.dir/usr/src/pico-sdk/src/rp2_common/pico_double/double_v1_rom_shim_rp2040.S.o
LOAD CMakeFiles/mouse-jiggler.dir/usr/src/pico-sdk/src/rp2_common/pico_int64_ops/pico_int64_ops_aeabi.S.o
LOAD CMakeFiles/mouse-jiggler.dir/usr/src/pico-sdk/src/rp2_common/pico_float/float_aeabi_rp2040.S.o
LOAD CMakeFiles/mouse-jiggler.dir/usr/src/pico-sdk/src/rp2_common/pico_float/float_init_rom_rp2040.c.o
LOAD CMakeFiles/mouse-jiggler.dir/usr/src/pico-sdk/src/rp2_common/pico_float/float_math.c.o
LOAD CMakeFiles/mouse-jiggler.dir/usr/src/pico-sdk/src/rp2_common/pico_float/float_v1_rom_shim_rp2040.S.o
LOAD CMakeFiles/mouse-jiggler.dir/usr/src/pico-sdk/src/rp2_common/pico_malloc/malloc.c.o
LOAD CMakeFiles/mouse-jiggler.dir/usr/src/pico-sdk/src/rp2_common/pico_mem_ops/mem_ops_aeabi.S.o
LOAD CMakeFiles/mouse-jiggler.dir/usr/src/pico-sdk/src/rp2_common/pico_atomic/atomic.c.o
LOAD CMakeFiles/mouse-jiggler.dir/usr/src/pico-sdk/src/rp2_common/pico_cxx_options/new_delete.cpp.o
LOAD CMakeFiles/mouse-jiggler.dir/usr/src/pico-sdk/src/rp2_common/pico_standard_binary_info/standard_binary_info.c.o
LOAD CMakeFiles/mouse-jiggler.dir/usr/src/pico-sdk/src/rp2_common/pico_printf/printf.c.o
LOAD CMakeFiles/mouse-jiggler.dir/usr/src/pico-sdk/src/rp2_common/pico_crt0/crt0.S.o
LOAD CMakeFiles/mouse-jiggler.dir/usr/src/pico-sdk/src/rp2_common/pico_clib_interface/newlib_interface.c.o
LOAD CMakeFiles/mouse-jiggler.dir/usr/src/pico-sdk/src/rp2_common/pico_stdio/stdio.c.o
LOAD CMakeFiles/mouse-jiggler.dir/usr/src/pico-sdk/src/rp2_common/pico_stdio_uart/stdio_uart.c.o
LOAD CMakeFiles/mouse-jiggler.dir/usr/src/pico-sdk/lib/tinyusb/src/portable/raspberrypi/rp2040/dcd_rp2040.c.o
LOAD CMakeFiles/mouse-jiggler.dir/usr/src/pico-sdk/lib/tinyusb/src/portable/raspberrypi/rp2040/rp2040_usb.c.o
LOAD CMakeFiles/mouse-jiggler.dir/usr/src/pico-sdk/lib/tinyusb/src/device/usbd.c.o
LOAD CMakeFiles/mouse-jiggler.dir/usr/src/pico-sdk/lib/tinyusb/src/device/usbd_control.c.o
LOAD CMakeFiles/mouse-jiggler.dir/usr/src/pico-sdk/lib/tinyusb/src/class/audio/audio_device.c.o
LOAD CMakeFiles/mouse-jiggler.dir/usr/src/pico-sdk/lib/tinyusb/src/class/cdc/cdc_device.c.o
LOAD CMakeFiles/mouse-jiggler.dir/usr/src/pico-sdk/lib/tinyusb/src/class/dfu/dfu_device.c.o
LOAD CMakeFiles/mouse-jiggler.dir/usr/src/pico-sdk/lib/tinyusb/src/class/dfu/dfu_rt_device.c.o
LOAD CMakeFiles/mouse-jiggler.dir/usr/src/pico-sdk/lib/tinyusb/src/class/hid/hid_device.c.o
LOAD CMakeFiles/mouse-jiggler.dir/usr/src/pico-sdk/lib/tinyusb/src/class/midi/midi_device.c.o
LOAD CMakeFiles/mouse-jiggler.dir/usr/src/pico-sdk/lib/tinyusb/src/class/msc/msc_device.c.o
LOAD CMakeFiles/mouse-jiggler.dir/usr/src/pico-sdk/lib/tinyusb/src/class/net/ecm_rndis_device.c.o
LOAD CMakeFiles/mouse-jiggler.dir/usr/src/pico-sdk/lib/tinyusb/src/class/net/ncm_device.c.o
LOAD CMakeFiles/mouse-jiggler.dir/usr/src/pico-sdk/lib/tinyusb/src/class/usbtmc/usbtmc_device.c.o
LOAD CMakeFiles/mouse-jiggler.dir/usr/src/pico-sdk/lib/tinyusb/src/class/vendor/vendor_device.c.o
LOAD CMakeFiles/mouse-jiggler.dir/usr/src/pico-sdk/lib/tinyusb/src/class/video/video_device.c.o
LOAD CMakeFiles/mouse-jiggler.dir/usr/src/pico-sdk/lib/tinyusb/src/tusb.c.o
LOAD CMakeFiles/mouse-jiggler.dir/usr/src/pico-sdk/lib/tinyusb/src/common/tusb_fifo.c.o
LOAD CMakeFiles/mouse-jiggler.dir/usr/src/pico-sdk/src/rp2_common/pico_fix/rp2040_usb_device_enumeration/rp2040_usb_device_enumeration.c.o
LOAD CMakeFiles/mouse-jiggler.dir/usr/src/pico-sdk/lib/tinyusb/hw/bsp/rp2040/family.c.o
LOAD CMakeFiles/mouse-jiggler.dir/usr/src/pico-sdk/src/rp2_common/pico_unique_id/unique_id.c.o
LOAD CMakeFiles/mouse-jiggler.dir/usr/src/pico-sdk/src/rp2_common/hardware_flash/flash.c.o
LOAD CMakeFiles/mouse-jiggler.dir/usr/src/pico-sdk/src/rp2_common/hardware_xip_cache/xip_cache.c.o
LOAD pico-sdk/src/rp2040/boot_stage2/CMakeFiles/bs2_default_library.dir/bs2_default_padded_checksummed.S.o
LOAD /usr/lib/gcc/arm-none-eabi/14.2.1/../../../arm-none-eabi/lib/thumb/v6-m/nofp/libstdc++.a
LOAD /usr/lib/gcc/arm-none-eabi/14.2.1/../../../arm-none-eabi/lib/thumb/v6-m/nofp/libm.a
START GROUP
LOAD /usr/lib/gcc/arm-none-eabi/14.2.1/thumb/v6-m/nofp/libgcc.a
LOAD /usr/lib/gcc/arm-none-eabi/14.2.1/../../../arm-none-eabi/lib/thumb/v6-m/nofp/libg.a
LOAD /usr/lib/gcc/arm-none-eabi/14.2.1/../../../arm-none-eabi/lib/thumb/v6-m/nofp/libc.a
END GROUP
START GROUP
LOAD /usr/lib/gcc/arm-none-eabi/14.2.1/thumb/v6-m/nofp/libgcc.a
LOAD /usr/lib/gcc/arm-none-eabi/14.2.1/../../../arm-none-eabi/lib/thumb/v6-m/nofp/libc.a
LOAD /usr/lib/gcc/arm-none-eabi/14.2.1/../../../arm-none-eabi/lib/thumb/v6-m/nofp/libnosys.a
END GROUP
LOAD /usr/lib/gcc/arm-none-eabi/14.2.1/thumb/v6-m/nofp/crtend.o
LOAD /usr/lib/gcc/arm-none-eabi/14.2.1/thumb/v6-m/nofp/crtn.o
OUTPUT(mouse-jiggler.elf elf32-littlearm)
LOAD linker stubs

.ARM.attributes
                0x00000000       0x28
 .ARM.attributes
                0x00000000       0x1e /usr/lib/gcc/arm-none-eabi/14.2.1/thumb/v6-m/nofp/crti.o
 .ARM.attributes
                0x0000001e       0x2c /usr/lib/gcc/arm-none-eabi/14.2.1/thumb/v6-m/nofp/crtbegin.o
 .ARM.attributes
                0x0000004a       0x2c CMakeFiles/mouse-jiggler.dir/main.c.o
 .ARM.attributes
                0x00000076       0x2c CMakeFiles/mouse-jiggler.dir/usb_descriptors.c.o
 .ARM.attributes
                0x000000a2       0x2c CMakeFiles/mouse-jiggler.dir/usr/src/pico-sdk/src/rp2_common/hardware_gpio/gpio.c.o
 .ARM.attributes
                0x000000ce       0x2c CMakeFiles/mouse-jiggler.dir/usr/src/pico-sdk/src/rp2040/pico_platform/platform.c.o
 .ARM.attributes
                0x000000fa       0x2c CMakeFiles/mouse-jiggler.dir/usr/src/pico-sdk/src/rp2_common/pico_platform_panic/panic.c.o
 .ARM.attributes
                0x00000126       0x2c CMakeFiles/mouse-jiggler.dir/usr/src/pico-sdk/src/common/hardware_claim/claim.c.o
 .ARM.attributes
                0x00000152       0x2c CMakeFiles/mouse-jiggler.dir/usr/src/pico-sdk/src/rp2_common/hardware_sync/sync.c.o
 .ARM.attributes
                0x0000017e       0x2c CMakeFiles/mouse-jiggler.dir/usr/src/pico-sdk/src/rp2_common/hardware_sync_spin_lock/sync_spin_lock.c.o
 .ARM.attributes
                0x000001aa       0x2c CMakeFiles/mouse-jiggler.dir/usr/src/pico-sdk/src/rp2_common/hardware_irq/irq.c.o
 .ARM.attributes
                0x000001d6       0x22 CMakeFiles/mouse-jiggler.dir/usr/src/pico-sdk/src/rp2_common/hardware_irq/irq_handler_chain.S.o
 .ARM.attributes
                0x000001f8       0x2c CMakeFiles/mouse-jiggler.dir/usr/src/pico-sdk/src/common/pico_sync/lock_core.c.o
 .ARM.attributes
                0x00000224       0x2c CMakeFiles/mouse-jiggler.dir/usr/src/pico-sdk/src/common/pico_sync/mutex.c.o
 .ARM.attributes
                0x00000250       0x2c CMakeFiles/mouse-jiggler.dir/usr/src/pico-sdk/src/common/pico_sync/critical_section.c.o
 .ARM.attributes
                0x0000027c       0x2c CMakeFiles/mouse-jiggler.dir/usr/src/pico-sdk/src/common/pico_time/time.c.o
 .ARM.attributes
                0x000002a8       0x2c CMakeFiles/mouse-jiggler.dir/usr/src/pico-sdk/src/rp2_common/hardware_timer/timer.c.o
 .ARM.attributes
                0x000002d4       0x2c CMakeFiles/mouse-jiggler.dir/usr/src/pico-sdk/src/rp2_common/hardware_uart/uart.c.o
 .ARM.attributes
                0x00000300       0x2c CMakeFiles/mouse-jiggler.dir/usr/src/pico-sdk/src/rp2_common/hardware_clocks/clocks.c.o
 .ARM.attributes
                0x0000032c       0x2c CMakeFiles/mouse-jiggler.dir/usr/src/pico-sdk/src/rp2_common/hardware_pll/pll.c.o
 .ARM.attributes
                0x00000358       0x2c CMakeFiles/mouse-jiggler.dir/usr/src/pico-sdk/src/rp2_common/hardware_ticks/ticks.c.o
 .ARM.attributes
                0x00000384       0x2c CMakeFiles/mouse-jiggler.dir/usr/src/pico-sdk/src/rp2_common/pico_bootrom/bootrom.c.o
 .ARM.attributes
                0x000003b0       0x2c CMakeFiles/mouse-jiggler.dir/usr/src/pico-sdk/src/rp2_common/hardware_xosc/xosc.c.o
 .ARM.attributes
                0x000003dc       0x2c CMakeFiles/mouse-jiggler.dir/usr/src/pico-sdk/src/rp2_common/pico_runtime/runtime.c.o
 .ARM.attributes
                0x00000408       0x2c CMakeFiles/mouse-jiggler.dir/usr/src/pico-sdk/src/rp2_common/pico_runtime_init/runtime_init.c.o
 .ARM.attributes
                0x00000434       0x2c CMakeFiles/mouse-jiggler.dir/usr/src/pico-sdk/src/rp2_common/pico_runtime_init/runtime_init_clocks.c.o
 .ARM.attributes
                0x00000460       0x22 CMakeFiles/mouse-jiggler.dir/usr/src/pico-sdk/src/rp2_common/pico_bit_ops/bit_ops_aeabi.S.o
 .ARM.attributes
                0x00000482       0x22 CMakeFiles/mouse-jiggler.dir/usr/src/pico-sdk/src/rp2_common/pico_divider/divider_hardware.S.o
 .ARM.attributes
                0x000004a4       0x22 CMakeFiles/mouse-jiggler.dir/usr/src/pico-sdk/src/rp2_common/pico_double/double_aeabi_rp2040.S.o
 .ARM.attributes
                0x000004c6       0x2c CMakeFiles/mouse-jiggler.dir/usr/src/pico-sdk/src/rp2_common/pico_double/double_init_rom_rp2040.c.o
 .ARM.attributes
                0x000004f2       0x22 CMakeFiles/mouse-jiggler.dir/usr/src/pico-sdk/src/rp2_common/pico_double/double_v1_rom_shim_rp2040.S.o
 .ARM.attributes
                0x00000514       0x22 CMakeFiles/mouse-jiggler.dir/usr/src/pico-sdk/src/rp2_common/pico_int64_ops/pico_int64_ops_aeabi.S.o
 .ARM.attributes
                0x00000536       0x22 CMakeFiles/mouse-jiggler.dir/usr/src/pico-sdk/src/rp2_common/pico_float/float_aeabi_rp2040.S.o
 .ARM.attributes
                0x00000558       0x2c CMakeFiles/mouse-jiggler.dir/usr/src/pico-sdk/src/rp2_common/pico_float/float_init_rom_rp2040.c.o
 .ARM.attributes
                0x00000584       0x22 CMakeFiles/mouse-jiggler.dir/usr/src/pico-sdk/src/rp2_common/pico_float/float_v1_rom_shim_rp2040.S.o
 .ARM.attributes
                0x000005a6       0x22 CMakeFiles/mouse-jiggler.dir/usr/src/pico-sdk/src/rp2_common/pico_mem_ops/mem_ops_aeabi.S.o
 .ARM.attributes
                0x000005c8       0x2c CMakeFiles/mouse-jiggler.dir/usr/src/pico-sdk/src/rp2_common/pico_standard_binary_info/standard_binary_info.c.o
 .ARM.attributes
                0x000005f4       0x2c CMakeFiles/mouse-jiggler.dir/usr/src/pico-sdk/src/rp2_common/pico_printf/printf.c.o
 .ARM.attributes
                0x00000620       0x22 CMakeFiles/mouse-jiggler.dir/usr/src/pico-sdk/src/rp2_common/pico_crt0/crt0.S.o
 .ARM.attributes
                0x00000642       0x2c CMakeFiles/mouse-jiggler.dir/usr/src/pico-sdk/src/rp2_common/pico_clib_interface/newlib_interface.c.o
 .ARM.attributes
                0x0000066e       0x2c CMakeFiles/mouse-jiggler.dir/usr/src/pico-sdk/src/rp2_common/pico_stdio/stdio.c.o
 .ARM.attributes
                0x0000069a       0x2c CMakeFiles/mouse-jiggler.dir/usr/src/pico-sdk/src/rp2_common/pico_stdio_uart/stdio_uart.c.o
 .ARM.attributes
                0x000006c6       0x2c CMakeFiles/mouse-jiggler.dir/usr/src/pico-sdk/lib/tinyusb/src/portable/raspberrypi/rp2040/dcd_rp2040.c.o
 .ARM.attributes
                0x000006f2       0x2c CMakeFiles/mouse-jiggler.dir/usr/src/pico-sdk/lib/tinyusb/src/portable/raspberrypi/rp2040/rp2040_usb.c.o
 .ARM.attributes
                0x0000071e       0x2c CMakeFiles/mouse-jiggler.dir/usr/src/pico-sdk/lib/tinyusb/src/device/usbd.c.o
 .ARM.attributes
                0x0000074a       0x2c CMakeFiles/mouse-jiggler.dir/usr/src/pico-sdk/lib/tinyusb/src/device/usbd_control.c.o
 .ARM.attributes
                0x00000776       0x2c CMakeFiles/mouse-jiggler.dir/usr/src/pico-sdk/lib/tinyusb/src/class/hid/hid_device.c.o
 .ARM.attributes
                0x000007a2       0x2c CMakeFiles/mouse-jiggler.dir/usr/src/pico-sdk/lib/tinyusb/src/tusb.c.o
 .ARM.attributes
                0x000007ce       0x2c CMakeFiles/mouse-jiggler.dir/usr/src/pico-sdk/lib/tinyusb/src/common/tusb_fifo.c.o
 .ARM.attributes
                0x000007fa       0x2c CMakeFiles/mouse-jiggler.dir/usr/src/pico-sdk/lib/tinyusb/hw/bsp/rp2040/family.c.o
 .ARM.attributes
                0x00000826       0x2c CMakeFiles/mouse-jiggler.dir/usr/src/pico-sdk/src/rp2_common/pico_unique_id/unique_id.c.o
 .ARM.attributes
                0x00000852       0x2c CMakeFiles/mouse-jiggler.dir/usr/src/pico-sdk/src/rp2_common/hardware_flash/flash.c.o
 .ARM.attributes
                0x0000087e       0x22 pico-sdk/src/rp2040/boot_stage2/CMakeFiles/bs2_default_library.dir/bs2_default_padded_checksummed.S.o
 .ARM.attributes
                0x000008a0       0x1e /usr/lib/gcc/arm-none-eabi/14.2.1/thumb/v6-m/nofp/libgcc.a(_dvmd_tls.o)
 .ARM.attributes
                0x000008be       0x2c /usr/lib/gcc/arm-none-eabi/14.2.1/../../../arm-none-eabi/lib/thumb/v6-m/nofp/libg.a(libc_a-rand.o)
 .ARM.attributes
                0x000008ea       0x2c /usr/lib/gcc/arm-none-eabi/14.2.1/../../../arm-none-eabi/lib/thumb/v6-m/nofp/libg.a(libc_a-strlen-stub.o)
 .ARM.attributes
                0x00000916       0x2c /usr/lib/gcc/arm-none-eabi/14.2.1/../../../arm-none-eabi/lib/thumb/v6-m/nofp/libg.a(libc_a-impure.o)
 .ARM.attributes
                0x00000942       0x2c /usr/lib/gcc/arm-none-eabi/14.2.1/../../../arm-none-eabi/lib/thumb/v6-m/nofp/libg.a(libc_a-fini.o)
 .ARM.attributes
                0x0000096e       0x2c /usr/lib/gcc/arm-none-eabi/14.2.1/../../../arm-none-eabi/lib/thumb/v6-m/nofp/libg.a(libc_a-findfp.o)
 .ARM.attributes
                0x0000099a       0x2c /usr/lib/gcc/arm-none-eabi/14.2.1/../../../arm-none-eabi/lib/thumb/v6-m/nofp/libg.a(libc_a-atexit.o)
 .ARM.attributes
                0x000009c6       0x2c /usr/lib/gcc/arm-none-eabi/14.2.1/../../../arm-none-eabi/lib/thumb/v6-m/nofp/libg.a(libc_a-__atexit.o)
 .ARM.attributes
                0x000009f2       0x2c /usr/lib/gcc/arm-none-eabi/14.2.1/../../../arm-none-eabi/lib/thumb/v6-m/nofp/libg.a(libc_a-__call_atexit.o)
 .ARM.attributes
                0x00000a1e       0x2c /usr/lib/gcc/arm-none-eabi/14.2.1/thumb/v6-m/nofp/crtend.o

.comment        0x00000000       0x4c
 .comment       0x00000000       0x4c /usr/lib/gcc/arm-none-eabi/14.2.1/thumb/v6-m/nofp/crtbegin.o
                                 0x27 (size before relaxing)
 .comment       0x0000004c       0x27 CMakeFiles/mouse-jiggler.dir/main.c.o
 .comment       0x0000004c       0x27 CMakeFiles/mouse-jiggler.dir/usb_descriptors.c.o
 .comment       0x0000004c       0x27 CMakeFiles/mouse-jiggler.dir/usr/src/pico-sdk/src/rp2_common/hardware_gpio/gpio.c.o
 .comment       0x0000004c       0x27 CMakeFiles/mouse-jiggler.dir/usr/src/pico-sdk/src/rp2040/pico_platform/platform.c.o
 .comment       0x0000004c       0x27 CMakeFiles/mouse-jiggler.dir/usr/src/pico-sdk/src/rp2_common/pico_platform_panic/panic.c.o
 .comment       0x0000004c       0x27 CMakeFiles/mouse-jiggler.dir/usr/src/pico-sdk/src/common/hardware_claim/claim.c.o
 .comment       0x0000004c       0x27 CMakeFiles/mouse-jiggler.dir/usr/src/pico-sdk/src/rp2_common/hardware_sync/sync.c.o
 .comment       0x0000004c       0x27 CMakeFiles/mouse-jiggler.dir/usr/src/pico-sdk/src/rp2_common/hardware_sync_spin_lock/sync_spin_lock.c.o
 .comment       0x0000004c       0x27 CMakeFiles/mouse-jiggler.dir/usr/src/pico-sdk/src/rp2_common/hardware_irq/irq.c.o
 .comment       0x0000004c       0x27 CMakeFiles/mouse-jiggler.dir/usr/src/pico-sdk/src/common/pico_sync/lock_core.c.o
 .comment       0x0000004c       0x27 CMakeFiles/mouse-jiggler.dir/usr/src/pico-sdk/src/common/pico_sync/mutex.c.o
 .comment       0x0000004c       0x27 CMakeFiles/mouse-jiggler.dir/usr/src/pico-sdk/src/common/pico_sync/critical_section.c.o
 .comment       0x0000004c       0x27 CMakeFiles/mouse-jiggler.dir/usr/src/pico-sdk/src/common/pico_time/time.c.o
 .comment       0x0000004c       0x27 CMakeFiles/mouse-jiggler.dir/usr/src/pico-sdk/src/rp2_common/hardware_timer/timer.c.o
 .comment       0x0000004c       0x27 CMakeFiles/mouse-jiggler.dir/usr/src/pico-sdk/src/rp2_common/hardware_uart/uart.c.o
 .comment       0x0000004c       0x27 CMakeFiles/mouse-jiggler.dir/usr/src/pico-sdk/src/rp2_common/hardware_clocks/clocks.c.o
 .comment       0x0000004c       0x27 CMakeFiles/mouse-jiggler.dir/usr/src/pico-sdk/src/rp2_common/hardware_pll/pll.c.o
 .comment       0x0000004c       0x27 CMakeFiles/mouse-jiggler.dir/usr/src/pico-sdk/src/rp2_common/hardware_ticks/ticks.c.o
 .comment       0x0000004c       0x27 CMakeFiles/mouse-jiggler.dir/usr/src/pico-sdk/src/rp2_common/pico_bootrom/bootrom.c.o
 .comment       0x0000004c       0x27 CMakeFiles/mouse-jiggler.dir/usr/src/pico-sdk/src/rp2_common/hardware_xosc/xosc.c.o
 .comment       0x0000004c       0x27 CMakeFiles/mouse-jiggler.dir/usr/src/pico-sdk/src/rp2_common/pico_runtime/runtime.c.o
 .comment       0x0000004c       0x27 CMakeFiles/mouse-jiggler.dir/usr/src/pico-sdk/src/rp2_common/pico_runtime_init/runtime_init.c.o
 .comment       0x0000004c       0x27 CMakeFiles/mouse-jiggler.dir/usr/src/pico-sdk/src/rp2_common/pico_runtime_init/runtime_init_clocks.c.o
 .comment       0x0000004c       0x27 CMakeFiles/mouse-jiggler.dir/usr/src/pico-sdk/src/rp2_common/pico_double/double_init_rom_rp2040.c.o
 .comment       0x0000004c       0x27 CMakeFiles/mouse-jiggler.dir/usr/src/pico-sdk/src/rp2_common/pico_float/float_init_rom_rp2040.c.o
 .comment       0x0000004c       0x27 CMakeFiles/mouse-jiggler.dir/usr/src/pico-sdk/src/rp2_common/pico_standard_binary_info/standard_binary_info.c.o
 .comment       0x0000004c       0x27 CMakeFiles/mouse-jiggler.dir/usr/src/pico-sdk/src/rp2_common/pico_printf/printf.c.o
 .comment       0x0000004c       0x27 CMakeFiles/mouse-jiggler.dir/usr/src/pico-sdk/src/rp2_common/pico_clib_interface/newlib_interface.c.o
 .comment       0x0000004c       0x27 CMakeFiles/mouse-jiggler.dir/usr/src/pico-sdk/src/rp2_common/pico_stdio/stdio.c.o
 .comment       0x0000004c       0x27 CMakeFiles/mouse-jiggler.dir/usr/src/pico-sdk/src/rp2_common/pico_stdio_uart/stdio_uart.c.o
 .comment       0x0000004c       0x27 CMakeFiles/mouse-jiggler.dir/usr/src/pico-sdk/lib/tinyusb/src/portable/raspberrypi/rp2040/dcd_rp2040.c.o
 .comment       0x0000004c       0x27 CMakeFiles/mouse-jiggler.dir/usr/src/pico-sdk/lib/tinyusb/src/portable/raspberrypi/rp2040/rp2040_usb.c.o
 .comment       0x0000004c       0x27 CMakeFiles/mouse-jiggler.dir/usr/src/pico-sdk/lib/tinyusb/src/device/usbd.c.o
 .comment       0x0000004c       0x27 CMakeFiles/mouse-jiggler.dir/usr/src/pico-sdk/lib/tinyusb/src/device/usbd_control.c.o
 .comment       0x0000004c       0x27 CMakeFiles/mouse-jiggler.dir/usr/src/pico-sdk/lib/tinyusb/src/class/hid/hid_device.c.o
 .comment       0x0000004c       0x27 CMakeFiles/mouse-jiggler.dir/usr/src/pico-sdk/lib/tinyusb/src/tusb.c.o
 .comment       0x0000004c       0x27 CMakeFiles/mouse-jiggler.dir/usr/src/pico-sdk/lib/tinyusb/src/common/tusb_fifo.c.o
 .comment       0x0000004c       0x27 CMakeFiles/mouse-jiggler.dir/usr/src/pico-sdk/lib/tinyusb/hw/bsp/rp2040/family.c.o
 .comment       0x0000004c       0x27 CMakeFiles/mouse-jiggler.dir/usr/src/pico-sdk/src/rp2_common/pico_unique_id/unique_id.c.o
 .comment       0x0000004c       0x27 CMakeFiles/mouse-jiggler.dir/usr/src/pico-sdk/src/rp2_common/hardware_flash/flash.c.o
 .comment       0x0000004c       0x27 /usr/lib/gcc/arm-none-eabi/14.2.1/../../../arm-none-eabi/lib/thumb/v6-m/nofp/libg.a(libc_a-rand.o)
 .comment       0x0000004c       0x27 /usr/lib/gcc/arm-none-eabi/14.2.1/../../../arm-none-eabi/lib/thumb/v6-m/nofp/libg.a(libc_a-strlen-stub.o)
 .comment       0x0000004c       0x27 /usr/lib/gcc/arm-none-eabi/14.2.1/../../../arm-none-eabi/lib/thumb/v6-m/nofp/libg.a(libc_a-impure.o)
 .comment       0x0000004c       0x27 /usr/lib/gcc/arm-none-eabi/14.2.1/../../../arm-none-eabi/lib/thumb/v6-m/nofp/libg.a(libc_a-fini.o)
 .comment       0x0000004c       0x27 /usr/lib/gcc/arm-none-eabi/14.2.1/../../../arm-none-eabi/lib/thumb/v6-m/nofp/libg.a(libc_a-findfp.o)
 .comment       0x0000004c       0x27 /usr/lib/gcc/arm-none-eabi/14.2.1/../../../arm-none-eabi/lib/thumb/v6-m/nofp/libg.a(libc_a-atexit.o)
 .comment       0x0000004c       0x27 /usr/lib/gcc/arm-none-eabi/14.2.1/../../../arm-none-eabi/lib/thumb/v6-m/nofp/libg.a(libc_a-__atexit.o)
 .comment       0x0000004c       0x27 /usr/lib/gcc/arm-none-eabi/14.2.1/../../../arm-none-eabi/lib/thumb/v6-m/nofp/libg.a(libc_a-__call_atexit.o)
 .comment       0x0000004c       0x27 /usr/lib/gcc/arm-none-eabi/14.2.1/thumb/v6-m/nofp/crtend.o

.debug_info     0x00000000    0x32334
 .debug_info    0x00000000      0xa7c CMakeFiles/mouse-jiggler.dir/main.c.o
 .debug_info    0x00000a7c      0xaad CMakeFiles/mouse-jiggler.dir/usb_descriptors.c.o
 .debug_info    0x00001529     0x23fd CMakeFiles/mouse-jiggler.dir/usr/src/pico-sdk/src/rp2_common/hardware_gpio/gpio.c.o
 .debug_info    0x00003926      0x111 CMakeFiles/mouse-jiggler.dir/usr/src/pico-sdk/src/rp2040/pico_platform/platform.c.o
 .debug_info    0x00003a37      0x1bf CMakeFiles/mouse-jiggler.dir/usr/src/pico-sdk/src/rp2_common/pico_platform_panic/panic.c.o
 .debug_info    0x00003bf6      0x989 CMakeFiles/mouse-jiggler.dir/usr/src/pico-sdk/src/common/hardware_claim/claim.c.o
 .debug_info    0x0000457f      0x444 CMakeFiles/mouse-jiggler.dir/usr/src/pico-sdk/src/rp2_common/hardware_sync/sync.c.o
 .debug_info    0x000049c3      0x239 CMakeFiles/mouse-jiggler.dir/usr/src/pico-sdk/src/rp2_common/hardware_sync_spin_lock/sync_spin_lock.c.o
 .debug_info    0x00004bfc     0x21c7 CMakeFiles/mouse-jiggler.dir/usr/src/pico-sdk/src/rp2_common/hardware_irq/irq.c.o
 .debug_info    0x00006dc3      0x153 CMakeFiles/mouse-jiggler.dir/usr/src/pico-sdk/src/common/pico_sync/lock_core.c.o
 .debug_info    0x00006f16     0x27a9 CMakeFiles/mouse-jiggler.dir/usr/src/pico-sdk/src/common/pico_sync/mutex.c.o
 .debug_info    0x000096bf      0x2fc CMakeFiles/mouse-jiggler.dir/usr/src/pico-sdk/src/common/pico_sync/critical_section.c.o
 .debug_info    0x000099bb     0x4fd6 CMakeFiles/mouse-jiggler.dir/usr/src/pico-sdk/src/common/pico_time/time.c.o
 .debug_info    0x0000e991     0x2ad7 CMakeFiles/mouse-jiggler.dir/usr/src/pico-sdk/src/rp2_common/hardware_timer/timer.c.o
 .debug_info    0x00011468     0x193b CMakeFiles/mouse-jiggler.dir/usr/src/pico-sdk/src/rp2_common/hardware_uart/uart.c.o
 .debug_info    0x00012da3     0x2955 CMakeFiles/mouse-jiggler.dir/usr/src/pico-sdk/src/rp2_common/hardware_clocks/clocks.c.o
 .debug_info    0x000156f8      0x4cd CMakeFiles/mouse-jiggler.dir/usr/src/pico-sdk/src/rp2_common/hardware_pll/pll.c.o